Component: ARM Compiler 5.06 update 1 (build 61) Tool: armlink [4d35a8]

==============================================================================

Section Cross References

    main.o(i.SystemClock_Config) refers to stm32f4xx_hal_rcc.o(i.HAL_RCC_OscConfig) for HAL_RCC_OscConfig
    main.o(i.SystemClock_Config) refers to stm32f4xx_hal_rcc.o(i.HAL_RCC_ClockConfig) for HAL_RCC_ClockConfig
    main.o(i.SystemClock_Config) refers to stm32f4xx_hal_rcc.o(i.HAL_RCC_GetHCLKFreq) for HAL_RCC_GetHCLKFreq
    main.o(i.SystemClock_Config) refers to stm32f4xx_hal_cortex.o(i.HAL_SYSTICK_Config) for HAL_SYSTICK_Config
    main.o(i.SystemClock_Config) refers to stm32f4xx_hal_cortex.o(i.HAL_SYSTICK_CLKSourceConfig) for HAL_SYSTICK_CLKSourceConfig
    main.o(i.SystemClock_Config) refers to stm32f4xx_hal_cortex.o(i.HAL_NVIC_SetPriority) for HAL_NVIC_SetPriority
    main.o(i.main) refers to _printf_percent.o(.ARM.Collect$$_printf_percent$$00000000) for _printf_percent
    main.o(i.main) refers to _printf_d.o(.ARM.Collect$$_printf_percent$$00000009) for _printf_d
    main.o(i.main) refers to _printf_s.o(.ARM.Collect$$_printf_percent$$00000014) for _printf_s
    main.o(i.main) refers to _printf_dec.o(.text) for _printf_int_dec
    main.o(i.main) refers to _printf_str.o(.text) for _printf_str
    main.o(i.main) refers to stm32f4xx_hal.o(i.HAL_Init) for HAL_Init
    main.o(i.main) refers to main.o(i.SystemClock_Config) for SystemClock_Config
    main.o(i.main) refers to delay.o(i.delay_init) for delay_init
    main.o(i.main) refers to usart.o(i.uart_init) for uart_init
    main.o(i.main) refers to usart.o(i.usart3_init) for usart3_init
    main.o(i.main) refers to malloc.o(i.my_mem_init) for my_mem_init
    main.o(i.main) refers to common.o(i.atk_8266_init) for atk_8266_init
    main.o(i.main) refers to malloc.o(i.mymalloc) for mymalloc
    main.o(i.main) refers to __2sprintf.o(.text) for __2sprintf
    main.o(i.main) refers to wifista.o(i.atk_8266_wifisend_data) for atk_8266_wifisend_data
    main.o(i.main) refers to __2printf.o(.text) for __2printf
    main.o(i.main) refers to delay.o(i.delay_ms) for delay_ms
    stm32f4xx_it.o(i.SysTick_Handler) refers to stm32f4xx_hal.o(i.HAL_IncTick) for HAL_IncTick
    system_stm32f4xx.o(i.SystemCoreClockUpdate) refers to system_stm32f4xx.o(.data) for .data
    startup_stm32f429xx.o(STACK) refers (Special) to heapauxi.o(.text) for __use_two_region_memory
    startup_stm32f429xx.o(HEAP) refers (Special) to heapauxi.o(.text) for __use_two_region_memory
    startup_stm32f429xx.o(RESET) refers (Special) to heapauxi.o(.text) for __use_two_region_memory
    startup_stm32f429xx.o(RESET) refers to startup_stm32f429xx.o(STACK) for __initial_sp
    startup_stm32f429xx.o(RESET) refers to startup_stm32f429xx.o(.text) for Reset_Handler
    startup_stm32f429xx.o(RESET) refers to stm32f4xx_it.o(i.NMI_Handler) for NMI_Handler
    startup_stm32f429xx.o(RESET) refers to stm32f4xx_it.o(i.HardFault_Handler) for HardFault_Handler
    startup_stm32f429xx.o(RESET) refers to stm32f4xx_it.o(i.MemManage_Handler) for MemManage_Handler
    startup_stm32f429xx.o(RESET) refers to stm32f4xx_it.o(i.BusFault_Handler) for BusFault_Handler
    startup_stm32f429xx.o(RESET) refers to stm32f4xx_it.o(i.UsageFault_Handler) for UsageFault_Handler
    startup_stm32f429xx.o(RESET) refers to stm32f4xx_it.o(i.SVC_Handler) for SVC_Handler
    startup_stm32f429xx.o(RESET) refers to stm32f4xx_it.o(i.DebugMon_Handler) for DebugMon_Handler
    startup_stm32f429xx.o(RESET) refers to stm32f4xx_it.o(i.PendSV_Handler) for PendSV_Handler
    startup_stm32f429xx.o(RESET) refers to stm32f4xx_it.o(i.SysTick_Handler) for SysTick_Handler
    startup_stm32f429xx.o(RESET) refers to usart.o(i.USART1_IRQHandler) for USART1_IRQHandler
    startup_stm32f429xx.o(RESET) refers to usart.o(i.USART3_IRQHandler) for USART3_IRQHandler
    startup_stm32f429xx.o(RESET) refers to timer.o(i.TIM7_IRQHandler) for TIM7_IRQHandler
    startup_stm32f429xx.o(.text) refers (Special) to heapauxi.o(.text) for __use_two_region_memory
    startup_stm32f429xx.o(.text) refers to system_stm32f4xx.o(i.SystemInit) for SystemInit
    startup_stm32f429xx.o(.text) refers to __main.o(!!!main) for __main
    startup_stm32f429xx.o(.text) refers to startup_stm32f429xx.o(HEAP) for Heap_Mem
    startup_stm32f429xx.o(.text) refers to startup_stm32f429xx.o(STACK) for Stack_Mem
    stm32f4xx_hal.o(i.HAL_DeInit) refers to stm32f4xx_hal.o(i.HAL_MspDeInit) for HAL_MspDeInit
    stm32f4xx_hal.o(i.HAL_Delay) refers to stm32f4xx_hal.o(i.HAL_GetTick) for HAL_GetTick
    stm32f4xx_hal.o(i.HAL_GetTick) refers to stm32f4xx_hal.o(.data) for .data
    stm32f4xx_hal.o(i.HAL_IncTick) refers to stm32f4xx_hal.o(.data) for .data
    stm32f4xx_hal.o(i.HAL_Init) refers to stm32f4xx_hal_cortex.o(i.HAL_NVIC_SetPriorityGrouping) for HAL_NVIC_SetPriorityGrouping
    stm32f4xx_hal.o(i.HAL_Init) refers to stm32f4xx_hal.o(i.HAL_InitTick) for HAL_InitTick
[...]
    .ARM.Collect$$rtexit$$00000003           0x080002ec   Section        4  rtexit2.o(.ARM.Collect$$rtexit$$00000003)
    .ARM.Collect$$rtexit$$00000004           0x080002f0   Section        6  rtexit2.o(.ARM.Collect$$rtexit$$00000004)
    .text                                    0x080002f8   Section       64  startup_stm32f429xx.o(.text)
    $v0                                      0x080002f8   Number         0  startup_stm32f429xx.o(.text)
    .text                                    0x08000338   Section        2  use_no_semi_2.o(.text)
    .text                                    0x0800033c   Section        0  vsprintf.o(.text)
    .text                                    0x08000360   Section        0  __2printf.o(.text)
    .text                                    0x08000378   Section        0  __2sprintf.o(.text)
    .text                                    0x080003a4   Section        0  _printf_str.o(.text)
    .text                                    0x080003f8   Section        0  _printf_dec.o(.text)
    .text                                    0x08000470   Section        0  __printf_flags_ss_wp.o(.text)
    .text                                    0x080005f8   Section        0  strstr.o(.text)
    .text                                    0x0800061c   Section        0  strlen.o(.text)
    .text                                    0x0800065a   Section        0  heapauxi.o(.text)
    .text                                    0x08000660   Section        2  use_no_semi.o(.text)
    .text                                    0x08000662   Section        0  _printf_pad.o(.text)
    .text                                    0x080006b0   Section        0  _printf_truncate.o(.text)
    .text                                    0x080006d4   Section        0  _printf_intcommon.o(.text)
    .text                                    0x08000786   Section        0  _printf_charcount.o(.text)
    .text                                    0x080007b0   Section        0  _printf_char_common.o(.text)
    _printf_input_char                       0x080007b1   Thumb Code    10  _printf_char_common.o(.text)
    .text                                    0x080007e0   Section        0  _sputc.o(.text)
    .text                                    0x080007ea   Section        0  _printf_char.o(.text)
    .text                                    0x08000818   Section        0  _printf_char_file.o(.text)
    .text                                    0x0800083c   Section        0  _printf_wctomb.o(.text)
    .text                                    0x080008f8   Section        0  _printf_longlong_dec.o(.text)
    .text                                    0x08000974   Section        0  _printf_oct_int_ll.o(.text)
    _printf_longlong_oct_internal            0x08000975   Thumb Code     0  _printf_oct_int_ll.o(.text)
    .text                                    0x080009e4   Section        0  _printf_hex_int_ll_ptr.o(.text)
    _printf_hex_common                       0x080009e5   Thumb Code     0  _printf_hex_int_ll_ptr.o(.text)
    .text                                    0x08000a78   Section      138  lludiv10.o(.text)
    .text                                    0x08000b02   Section        0  _printf_fp_dec.o(.text)
    _fp_digits                               0x08000b05   Thumb Code   428  _printf_fp_dec.o(.text)
    .text                                    0x08000f1c   Section        0  _printf_fp_hex.o(.text)
    .text                                    0x08001218   Section        0  _printf_wchar.o(.text)
    .text                                    0x08001244   Section        0  ferror.o(.text)
    .text                                    0x0800124c   Section        0  _wcrtomb.o(.text)
    .text                                    0x0800128c   Section       74  sys_stackheap_outer.o(.text)
    .text                                    0x080012d8   Section       16  rt_ctype_table.o(.text)
    .text                                    0x080012e8   Section        8  rt_locale_intlibspace.o(.text)
    .text                                    0x080012f0   Section        0  _printf_fp_infnan.o(.text)
    .text                                    0x08001370   Section        0  bigflt0.o(.text)
    .text                                    0x0800144c   Section        0  exit.o(.text)
    .text                                    0x08001460   Section        8  libspace.o(.text)
    .text                                    0x08001468   Section      128  strcmpv7m.o(.text)
    CL$$btod_d2e                             0x080014e8   Section       62  btod.o(CL$$btod_d2e)
    CL$$btod_d2e_denorm_low                  0x08001526   Section       70  btod.o(CL$$btod_d2e_denorm_low)
    CL$$btod_d2e_norm_op1                    0x0800156c   Section       96  btod.o(CL$$btod_d2e_norm_op1)
    CL$$btod_div_common                      0x080015cc   Section      824  btod.o(CL$$btod_div_common)
    CL$$btod_e2e                             0x08001904   Section      198  btod.o(CL$$btod_e2e)
    CL$$btod_ediv                            0x080019ca   Section       40  btod.o(CL$$btod_ediv)
    CL$$btod_emul                            0x080019f2   Section       40  btod.o(CL$$btod_emul)
    CL$$btod_mult_common                     0x08001a1a   Section      580  btod.o(CL$$btod_mult_common)
    i.BusFault_Handler                       0x08001c5e   Section        0  stm32f4xx_it.o(i.BusFault_Handler)
    i.DebugMon_Handler                       0x08001c60   Section        0  stm32f4xx_it.o(i.DebugMon_Handler)
    i.HAL_GPIO_Init                          0x08001c64   Section        0  stm32f4xx_hal_gpio.o(i.HAL_GPIO_Init)
    i.HAL_GetTick                            0x08001e40   Section        0  stm32f4xx_hal.o(i.HAL_GetTick)
    i.HAL_IncTick                            0x08001e4c   Section        0  stm32f4xx_hal.o(i.HAL_IncTick)
    i.HAL_Init                               0x08001e5c   Section        0  stm32f4xx_hal.o(i.HAL_Init)
    i.HAL_InitTick                           0x08001e90   Section        0  stm32f4xx_hal.o(i.HAL_InitTick)
    i.HAL_MspInit                            0x08001eb2   Section        0  stm32f4xx_hal.o(i.HAL_MspInit)
    i.HAL_NVIC_EnableIRQ                     0x08001eba   Section        0  stm32f4xx_hal_cortex.o(i.HAL_NVIC_EnableIRQ)
    i.HAL_NVIC_SetPriority                   0x08001ed0   Section        0  stm32f4xx_hal_cortex.o(i.HAL_NVIC_SetPriority)
    i.HAL_NVIC_SetPriorityGrouping           0x08001f10   Section        0  stm32f4xx_hal_cortex.o(i.HAL_NVIC_SetPriorityGrouping)
    i.HAL_RCC_ClockConfig                    0x08001f34   Section        0  stm32f4xx_hal_rcc.o(i.HAL_RCC_ClockConfig)
    i.HAL_RCC_GetHCLKFreq                    0x0800213c   Section        0  stm32f4xx_hal_rcc.o(i.HAL_RCC_GetHCLKFreq)
    i.HAL_RCC_GetPCLK1Freq                   0x08002170   Section        0  stm32f4xx_hal_rcc.o(i.HAL_RCC_GetPCLK1Freq)
    i.HAL_RCC_GetPCLK2Freq                   0x0800219c   Section        0  stm32f4xx_hal_rcc.o(i.HAL_RCC_GetPCLK2Freq)
    i.HAL_RCC_GetSysClockFreq                0x080021c8   Section        0  stm32f4xx_hal_rcc.o(i.HAL_RCC_GetSysClockFreq)
    i.HAL_RCC_OscConfig                      0x0800223c   Section        0  stm32f4xx_hal_rcc.o(i.HAL_RCC_OscConfig)
    i.HAL_SYSTICK_CLKSourceConfig            0x08002558   Section        0  stm32f4xx_hal_cortex.o(i.HAL_SYSTICK_CLKSourceConfig)
    i.HAL_SYSTICK_Config                     0x08002570   Section        0  stm32f4xx_hal_cortex.o(i.HAL_SYSTICK_Config)
    i.HAL_TIM_Base_Init                      0x08002598   Section        0  stm32f4xx_hal_tim.o(i.HAL_TIM_Base_Init)
    i.HAL_TIM_Base_MspInit                   0x080025d0   Section        0  timer.o(i.HAL_TIM_Base_MspInit)
    i.HAL_TIM_Base_Start_IT                  0x0800260c   Section        0  stm32f4xx_hal_tim.o(i.HAL_TIM_Base_Start_IT)
    i.HAL_UART_ErrorCallback                 0x08002624   Section        0  stm32f4xx_hal_uart.o(i.HAL_UART_ErrorCallback)
    i.HAL_UART_IRQHandler                    0x08002626   Section        0  stm32f4xx_hal_uart.o(i.HAL_UART_IRQHandler)
    i.HAL_UART_Init                          0x0800271a   Section        0  stm32f4xx_hal_uart.o(i.HAL_UART_Init)
    i.HAL_UART_MspInit                       0x08002778   Section        0  usart.o(i.HAL_UART_MspInit)
    i.HAL_UART_Receive                       0x080028a8   Section        0  stm32f4xx_hal_uart.o(i.HAL_UART_Receive)
    i.HAL_UART_RxCpltCallback                0x08002972   Section        0  stm32f4xx_hal_uart.o(i.HAL_UART_RxCpltCallback)
    i.HAL_UART_TxCpltCallback                0x08002974   Section        0  stm32f4xx_hal_uart.o(i.HAL_UART_TxCpltCallback)
    i.HardFault_Handler                      0x08002976   Section        0  stm32f4xx_it.o(i.HardFault_Handler)
    i.MemManage_Handler                      0x08002978   Section        0  stm32f4xx_it.o(i.MemManage_Handler)
    i.NMI_Handler                            0x0800297a   Section        0  stm32f4xx_it.o(i.NMI_Handler)
    i.NVIC_SetPriority                       0x0800297c   Section        0  stm32f4xx_hal_cortex.o(i.NVIC_SetPriority)
    NVIC_SetPriority                         0x0800297d   Thumb Code    32  stm32f4xx_hal_cortex.o(i.NVIC_SetPriority)
    i.PendSV_Handler                         0x0800299c   Section        0  stm32f4xx_it.o(i.PendSV_Handler)
    i.SVC_Handler                            0x0800299e   Section        0  stm32f4xx_it.o(i.SVC_Handler)
    i.SysTick_Handler                        0x080029a0   Section        0  stm32f4xx_it.o(i.SysTick_Handler)
    i.SystemClock_Config                     0x080029a4   Section        0  main.o(i.SystemClock_Config)
    i.SystemInit                             0x08002a48   Section        0  system_stm32f4xx.o(i.SystemInit)
    i.TIM7_IRQHandler                        0x08002a9c   Section        0  timer.o(i.TIM7_IRQHandler)
    i.TIM7_Int_Init                          0x08002ac8   Section        0  timer.o(i.TIM7_Int_Init)
    i.TIM_Base_SetConfig                     0x08002af4   Section        0  stm32f4xx_hal_tim.o(i.TIM_Base_SetConfig)
    i.UART_Receive_IT                        0x08002bb4   Section        0  stm32f4xx_hal_uart.o(i.UART_Receive_IT)
    UART_Receive_IT                          0x08002bb5   Thumb Code   166  stm32f4xx_hal_uart.o(i.UART_Receive_IT)
    i.UART_SetConfig                         0x08002c5c   Section        0  stm32f4xx_hal_uart.o(i.UART_SetConfig)
    UART_SetConfig                           0x08002c5d   Thumb Code   364  stm32f4xx_hal_uart.o(i.UART_SetConfig)
    i.UART_Transmit_IT                       0x08002dd0   Section        0  stm32f4xx_hal_uart.o(i.UART_Transmit_IT)
    UART_Transmit_IT                         0x08002dd1   Thumb Code   102  stm32f4xx_hal_uart.o(i.UART_Transmit_IT)
    i.UART_WaitOnFlagUntilTimeout            0x08002e36   Section        0  stm32f4xx_hal_uart.o(i.UART_WaitOnFlagUntilTimeout)
    UART_WaitOnFlagUntilTimeout              0x08002e37   Thumb Code   146  stm32f4xx_hal_uart.o(i.UART_WaitOnFlagUntilTimeout)
    i.USART1_IRQHandler                      0x08002ec8   Section        0  usart.o(i.USART1_IRQHandler)
    i.USART3_IRQHandler                      0x08002f38   Section        0  usart.o(i.USART3_IRQHandler)
    i.UsageFault_Handler                     0x08002f94   Section        0  stm32f4xx_it.o(i.UsageFault_Handler)
    i.__ARM_fpclassify                       0x08002f96   Section        0  fpclassify.o(i.__ARM_fpclassify)
    i._is_digit                              0x08002fc6   Section        0  __printf_wp.o(i._is_digit)
    i._sys_exit                              0x08002fd4   Section        0  usart.o(i._sys_exit)
    i.atk_8266_at_response                   0x08002fd8   Section        0  common.o(i.atk_8266_at_response)
    i.atk_8266_check_cmd                     0x08003008   Section        0  common.o(i.atk_8266_check_cmd)
    i.atk_8266_consta_check                  0x0800302c   Section        0  common.o(i.atk_8266_consta_check)
    i.atk_8266_get_wanip                     0x0800306c   Section        0  common.o(i.atk_8266_get_wanip)
    i.atk_8266_init                          0x080030bc   Section        0  common.o(i.atk_8266_init)
    i.atk_8266_quit_trans                    0x080033c0   Section        0  common.o(i.atk_8266_quit_trans)
    i.atk_8266_send_cmd                      0x08003410   Section        0  common.o(i.atk_8266_send_cmd)
    i.atk_8266_wifisend_data                 0x0800347c   Section        0  wifista.o(i.atk_8266_wifisend_data)
    i.delay_init                             0x0800352c   Section        0  delay.o(i.delay_init)
    i.delay_ms                               0x08003544   Section        0  delay.o(i.delay_ms)
    i.delay_us                               0x08003574   Section        0  delay.o(i.delay_us)
    i.fputc                                  0x080035a8   Section        0  usart.o(i.fputc)
    i.main                                   0x080035bc   Section        0  main.o(i.main)
    i.my_mem_free                            0x08003660   Section        0  malloc.o(i.my_mem_free)
    i.my_mem_init                            0x080036b8   Section        0  malloc.o(i.my_mem_init)
    i.my_mem_malloc                          0x080036e4   Section        0  malloc.o(i.my_mem_malloc)
    i.my_mem_perused                         0x0800376c   Section        0  malloc.o(i.my_mem_perused)
    i.myfree                                 0x080037a8   Section        0  malloc.o(i.myfree)
    i.mymalloc                               0x080037c0   Section        0  malloc.o(i.mymalloc)
    i.mymemset                               0x080037e0   Section        0  malloc.o(i.mymemset)
    i.u3_printf                              0x080037ec   Section        0  usart.o(i.u3_printf)
    i.uart_init                              0x0800382c   Section        0  usart.o(i.uart_init)
    i.usart3_init                            0x08003850   Section        0  usart.o(i.usart3_init)
    locale$$code                             0x08003874   Section       44  lc_numeric_c.o(locale$$code)
    locale$$code                             0x080038a0   Section       44  lc_ctype_c.o(locale$$code)
    x$fpl$fpinit                             0x080038cc   Section       10  fpinit.o(x$fpl$fpinit)
    $v0                                      0x080038cc   Number         0  fpinit.o(x$fpl$fpinit)
    x$fpl$printf1                            0x080038d6   Section        4  printf1.o(x$fpl$printf1)
    $v0                                      0x080038d6   Number         0  printf1.o(x$fpl$printf1)
    x$fpl$printf2                            0x080038da   Section        4  printf2.o(x$fpl$printf2)
    $v0                                      0x080038da   Number         0  printf2.o(x$fpl$printf2)
    .constdata                               0x080038de   Section       16  stm32f4xx_hal_rcc.o(.constdata)
    x$fpl$usenofp                            0x080038de   Section        0  usenofp.o(x$fpl$usenofp)
    .constdata                               0x080038f0   Section       36  malloc.o(.constdata)
    .constdata                               0x08003914   Section       17  __printf_flags_ss_wp.o(.constdata)
    maptable                                 0x08003914   Data          17  __printf_flags_ss_wp.o(.constdata)
    .constdata                               0x08003928   Section        8  _printf_wctomb.o(.constdata)
    initial_mbstate                          0x08003928   Data           8  _printf_wctomb.o(.constdata)
    .constdata                               0x08003930   Section       40  _printf_hex_int_ll_ptr.o(.constdata)
    uc_hextab                                0x08003930   Data          20  _printf_hex_int_ll_ptr.o(.constdata)
    lc_hextab                                0x08003944   Data          20  _printf_hex_int_ll_ptr.o(.constdata)
    .constdata                               0x08003958   Section       38  _printf_fp_hex.o(.constdata)
    lc_hextab                                0x08003958   Data          19  _printf_fp_hex.o(.constdata)
    uc_hextab                                0x0800396b   Data          19  _printf_fp_hex.o(.constdata)
    .constdata                               0x08003980   Section      148  bigflt0.o(.constdata)
    tenpwrs_x                                0x08003980   Data          60  bigflt0.o(.constdata)
    tenpwrs_i                                0x080039bc   Data          64  bigflt0.o(.constdata)
    .conststring                             0x08003a14   Section       78  common.o(.conststring)
    locale$$data                             0x08003a84   Section       28  lc_numeric_c.o(locale$$data)
    __lcnum_c_name                           0x08003a88   Data           2  lc_numeric_c.o(locale$$data)
    __lcnum_c_start                          0x08003a90   Data           0  lc_numeric_c.o(locale$$data)
    __lcnum_c_point                          0x08003a9c   Data           0  lc_numeric_c.o(locale$$data)
    __lcnum_c_thousands                      0x08003a9e   Data           0  lc_numeric_c.o(locale$$data)
    __lcnum_c_grouping                       0x08003a9f   Data           0  lc_numeric_c.o(locale$$data)
    locale$$data                             0x08003aa0   Section      272  lc_ctype_c.o(locale$$data)
    __lcnum_c_end                            0x08003aa0   Data           0  lc_numeric_c.o(locale$$data)
    __lcctype_c_name                         0x08003aa4   Data           2  lc_ctype_c.o(locale$$data)
    __lcctype_c_start                        0x08003aac   Data           0  lc_ctype_c.o(locale$$data)
    __lcctype_c_end                          0x08003bb0   Data           0  lc_ctype_c.o(locale$$data)
    .ARM.__AT_0x10000000                     0x10000000   Section    61440  malloc.o(.ARM.__AT_0x10000000)
    .ARM.__AT_0x1000F000                     0x1000f000   Section     3840  malloc.o(.ARM.__AT_0x1000F000)
    .data                                    0x20000000   Section       20  system_stm32f4xx.o(.data)
    .data                                    0x20000014   Section        4  stm32f4xx_hal.o(.data)
    uwTick                                   0x20000014   Data           4  stm32f4xx_hal.o(.data)
    .data                                    0x20000018   Section        4  delay.o(.data)
    fac_us                                   0x20000018   Data           4  delay.o(.data)
    .data                                    0x2000001c   Section        4  usart.o(.data)
    .data                                    0x20000020   Section        4  usart.o(.data)
    .data                                    0x20000024   Section       36  malloc.o(.data)
    .data                                    0x20000048   Section       28  common.o(.data)
    .bss                                     0x20000068   Section     1928  usart.o(.bss)
    .bss                                     0x200007f0   Section       60  timer.o(.bss)
    .bss                                     0x20000840   Section    163840  malloc.o(.bss)
    .bss                                     0x20028840   Section    10240  malloc.o(.bss)
    .bss                                     0x2002b040   Section       96  libspace.o(.bss)
    HEAP                                     0x2002b0a0   Section      512  startup_stm32f429xx.o(HEAP)
    Heap_Mem                                 0x2002b0a0   Data         512  startup_stm32f429xx.o(HEAP)
    STACK                                    0x2002b2a0   Section     1024  startup_stm32f429xx.o(STACK)
    Stack_Mem                                0x2002b2a0   Data        1024  startup_stm32f429xx.o(STACK)
    __initial_sp                             0x2002b6a0   Data           0  startup_stm32f429xx.o(STACK)
    .ARM.__AT_0xC01F4000                     0xc01f4000   Section    29605888  malloc.o(.ARM.__AT_0xC01F4000)
    .ARM.__AT_0xC1E30000                     0xc1e30000   Section    1850368  malloc.o(.ARM.__AT_0xC1E30000)

    Global Symbols

    Symbol Name                              Value     Ov Type        Size  Object(Section)

    BuildAttributes$$THM_ISAv4$E$P$D$K$B$S$7EM$VFPi3$EXTD16$VFPS$VFMA$PE$A:L22UL41UL21$X:L11$S22US41US21$IEEE1$IW$USESV6$~STKCKD$USESV7$~SHL$OTIME$ROPI$IEEEJ$EBA8$UX$STANDARDLIB$REQ8$PRES8$EABIv2 0x00000000   Number         0  anon$$obj.o ABSOLUTE
    __ARM_use_no_argv                        0x00000000   Number         0  main.o ABSOLUTE
    _printf_flags                            0x00000000   Number         0  printf_stubs.o ABSOLUTE
    _printf_return_value                     0x00000000   Number         0  printf_stubs.o ABSOLUTE
    _printf_sizespec                         0x00000000   Number         0  printf_stubs.o ABSOLUTE
    _printf_widthprec                        0x00000000   Number         0  printf_stubs.o ABSOLUTE
    __ARM_exceptions_init                     - Undefined Weak Reference
    __alloca_initialize                       - Undefined Weak Reference
    __arm_preinit_                            - Undefined Weak Reference
    __cpp_initialize__aeabi_                  - Undefined Weak Reference
    __cxa_finalize                            - Undefined Weak Reference
    __sigvec_lookup                           - Undefined Weak Reference
    _atexit_init                              - Undefined Weak Reference
    _call_atexit_fns                          - Undefined Weak Reference
    _clock_init                               - Undefined Weak Reference
    _fp_trap_init                             - Undefined Weak Reference
    _fp_trap_shutdown                         - Undefined Weak Reference
    _get_lc_collate                           - Undefined Weak Reference
    _get_lc_monetary                          - Undefined Weak Reference
    _get_lc_time                              - Undefined Weak Reference
    _getenv_init                              - Undefined Weak Reference
    _handle_redirection                       - Undefined Weak Reference
    _init_alloc                               - Undefined Weak Reference
    _init_user_alloc                          - Undefined Weak Reference
    _initio                                   - Undefined Weak Reference
    _mutex_acquire                            - Undefined Weak Reference
    _mutex_release                            - Undefined Weak Reference
    _printf_mbtowc                            - Undefined Weak Reference
    _printf_wc                                - Undefined Weak Reference
    _rand_init                                - Undefined Weak Reference
    _signal_finish                            - Undefined Weak Reference
    _signal_init                              - Undefined Weak Reference
    _terminate_alloc                          - Undefined Weak Reference
    _terminate_user_alloc                     - Undefined Weak Reference
    _terminateio                              - Undefined Weak Reference
    __Vectors_Size                           0x000001ac   Number         0  startup_stm32f429xx.o ABSOLUTE
    __Vectors                                0x08000000   Data           4  startup_stm32f429xx.o(RESET)
    __Vectors_End                            0x080001ac   Data           0  startup_stm32f429xx.o(RESET)
    __main                                   0x080001ad   Thumb Code     8  __main.o(!!!main)
    __scatterload                            0x080001b5   Thumb Code     0  __scatter.o(!!!scatter)
    __scatterload_rt2                        0x080001b5   Thumb Code    44  __scatter.o(!!!scatter)
    __scatterload_rt2_thumb_only             0x080001b5   Thumb Code     0  __scatter.o(!!!scatter)
    __scatterload_null                       0x080001c3   Thumb Code     0  __scatter.o(!!!scatter)
    __scatterload_copy                       0x080001e9   Thumb Code    26  __scatter_copy.o(!!handler_copy)
    __scatterload_zeroinit                   0x08000205   Thumb Code    28  __scatter_zi.o(!!handler_zi)
    _printf_n                                0x08000221   Thumb Code     0  _printf_n.o(.ARM.Collect$$_printf_percent$$00000001)
    _printf_percent                          0x08000221   Thumb Code     0  _printf_percent.o(.ARM.Collect$$_printf_percent$$00000000)
    _printf_p                                0x08000227   Thumb Code     0  _printf_p.o(.ARM.Collect$$_printf_percent$$00000002)
    _printf_f                                0x0800022d   Thumb Code     0  _printf_f.o(.ARM.Collect$$_printf_percent$$00000003)
    _printf_e                                0x08000233   Thumb Code     0  _printf_e.o(.ARM.Collect$$_printf_percent$$00000004)
    _printf_g                                0x08000239   Thumb Code     0  _printf_g.o(.ARM.Collect$$_printf_percent$$00000005)
    _printf_a                                0x0800023f   Thumb Code     0  _printf_a.o(.ARM.Collect$$_printf_percent$$00000006)
    _printf_ll                               0x08000245   Thumb Code     0  _printf_ll.o(.ARM.Collect$$_printf_percent$$00000007)
    _printf_i                                0x0800024f   Thumb Code     0  _printf_i.o(.ARM.Collect$$_printf_percent$$00000008)
    _printf_d                                0x08000255   Thumb Code     0  _printf_d.o(.ARM.Collect$$_printf_percent$$00000009)
    _printf_u                                0x0800025b   Thumb Code     0  _printf_u.o(.ARM.Collect$$_printf_percent$$0000000A)
    _printf_o                                0x08000261   Thumb Code     0  _printf_o.o(.ARM.Collect$$_printf_percent$$0000000B)
    _printf_x                                0x08000267   Thumb Code     0  _printf_x.o(.ARM.Collect$$_printf_percent$$0000000C)
    _printf_lli                              0x0800026d   Thumb Code     0  _printf_lli.o(.ARM.Collect$$_printf_percent$$0000000D)
    _printf_lld                              0x08000273   Thumb Code     0  _printf_lld.o(.ARM.Collect$$_printf_percent$$0000000E)
    _printf_llu                              0x08000279   Thumb Code     0  _printf_llu.o(.ARM.Collect$$_printf_percent$$0000000F)
    _printf_llo                              0x0800027f   Thumb Code     0  _printf_llo.o(.ARM.Collect$$_printf_percent$$00000010)
    _printf_llx                              0x08000285   Thumb Code     0  _printf_llx.o(.ARM.Collect$$_printf_percent$$00000011)
    _printf_l                                0x0800028b   Thumb Code     0  _printf_l.o(.ARM.Collect$$_printf_percent$$00000012)
    _printf_c                                0x08000295   Thumb Code     0  _printf_c.o(.ARM.Collect$$_printf_percent$$00000013)
    _printf_s                                0x0800029b   Thumb Code     0  _printf_s.o(.ARM.Collect$$_printf_percent$$00000014)
    _printf_lc                               0x080002a1   Thumb Code     0  _printf_lc.o(.ARM.Collect$$_printf_percent$$00000015)
    _printf_ls                               0x080002a7   Thumb Code     0  _printf_ls.o(.ARM.Collect$$_printf_percent$$00000016)
    _printf_percent_end                      0x080002ad   Thumb Code     0  _printf_percent_end.o(.ARM.Collect$$_printf_percent$$00000017)
    __rt_lib_init                            0x080002b1   Thumb Code     0  libinit.o(.ARM.Collect$$libinit$$00000000)
    __rt_lib_init_fp_1                       0x080002b3   Thumb Code     0  libinit2.o(.ARM.Collect$$libinit$$00000001)
    __rt_lib_init_heap_1                     0x080002b7   Thumb Code     0  libinit2.o(.ARM.Collect$$libinit$$0000000A)
    __rt_lib_init_lc_common                  0x080002b7   Thumb Code     0  libinit2.o(.ARM.Collect$$libinit$$0000000F)
    __rt_lib_init_preinit_1                  0x080002b7   Thumb Code     0  libinit2.o(.ARM.Collect$$libinit$$00000004)
    __rt_lib_init_rand_1                     0x080002b7   Thumb Code     0  libinit2.o(.ARM.Collect$$libinit$$0000000E)
    __rt_lib_init_user_alloc_1               0x080002b7   Thumb Code     0  libinit2.o(.ARM.Collect$$libinit$$0000000C)
    __rt_lib_init_lc_collate_1               0x080002bd   Thumb Code     0  libinit2.o(.ARM.Collect$$libinit$$00000011)
    __rt_lib_init_lc_ctype_2                 0x080002bd   Thumb Code     0  libinit2.o(.ARM.Collect$$libinit$$00000012)
    __rt_lib_init_lc_ctype_1                 0x080002c9   Thumb Code     0  libinit2.o(.ARM.Collect$$libinit$$00000013)
    __rt_lib_init_lc_monetary_1              0x080002c9   Thumb Code     0  libinit2.o(.ARM.Collect$$libinit$$00000015)
    __rt_lib_init_lc_numeric_2               0x080002c9   Thumb Code     0  libinit2.o(.ARM.Collect$$libinit$$00000016)
    __rt_lib_init_alloca_1                   0x080002d3   Thumb Code     0  libinit2.o(.ARM.Collect$$libinit$$0000002E)
    __rt_lib_init_argv_1                     0x080002d3   Thumb Code     0  libinit2.o(.ARM.Collect$$libinit$$0000002C)
    __rt_lib_init_atexit_1                   0x080002d3   Thumb Code     0  libinit2.o(.ARM.Collect$$libinit$$0000001B)
    __rt_lib_init_clock_1                    0x080002d3   Thumb Code     0  libinit2.o(.ARM.Collect$$libinit$$00000021)
    __rt_lib_init_cpp_1                      0x080002d3   Thumb Code     0  libinit2.o(.ARM.Collect$$libinit$$00000032)
    __rt_lib_init_exceptions_1               0x080002d3   Thumb Code     0  libinit2.o(.ARM.Collect$$libinit$$00000030)
    __rt_lib_init_fp_trap_1                  0x080002d3   Thumb Code     0  libinit2.o(.ARM.Collect$$libinit$$0000001F)
    __rt_lib_init_getenv_1                   0x080002d3   Thumb Code     0  libinit2.o(.ARM.Collect$$libinit$$00000023)
    __rt_lib_init_lc_numeric_1               0x080002d3   Thumb Code     0  libinit2.o(.ARM.Collect$$libinit$$00000017)
    __rt_lib_init_lc_time_1                  0x080002d3   Thumb Code     0  libinit2.o(.ARM.Collect$$libinit$$00000019)
    __rt_lib_init_return                     0x080002d3   Thumb Code     0  libinit2.o(.ARM.Collect$$libinit$$00000033)
    __rt_lib_init_signal_1                   0x080002d3   Thumb Code     0  libinit2.o(.ARM.Collect$$libinit$$0000001D)
    __rt_lib_init_stdio_1                    0x080002d3   Thumb Code     0  libinit2.o(.ARM.Collect$$libinit$$00000025)
    __rt_lib_shutdown                        0x080002d5   Thumb Code     0  libshutdown.o(.ARM.Collect$$libshutdown$$00000000)
    __rt_lib_shutdown_cpp_1                  0x080002d7   Thumb Code     0  libshutdown2.o(.ARM.Collect$$libshutdown$$00000002)
    __rt_lib_shutdown_fp_trap_1              0x080002d7   Thumb Code     0  libshutdown2.o(.ARM.Collect$$libshutdown$$00000007)
    __rt_lib_shutdown_heap_1                 0x080002d7   Thumb Code     0  libshutdown2.o(.ARM.Collect$$libshutdown$$0000000F)
    __rt_lib_shutdown_return                 0x080002d7   Thumb Code     0  libshutdown2.o(.ARM.Collect$$libshutdown$$00000010)
    __rt_lib_shutdown_signal_1               0x080002d7   Thumb Code     0  libshutdown2.o(.ARM.Collect$$libshutdown$$0000000A)
    __rt_lib_shutdown_stdio_1                0x080002d7   Thumb Code     0  libshutdown2.o(.ARM.Collect$$libshutdown$$00000004)
    __rt_lib_shutdown_user_alloc_1           0x080002d7   Thumb Code     0  libshutdown2.o(.ARM.Collect$$libshutdown$$0000000C)
    __rt_entry                               0x080002d9   Thumb Code     0  __rtentry.o(.ARM.Collect$$rtentry$$00000000)
    __rt_entry_presh_1                       0x080002d9   Thumb Code     0  __rtentry2.o(.ARM.Collect$$rtentry$$00000002)
    __rt_entry_sh                            0x080002d9   Thumb Code     0  __rtentry4.o(.ARM.Collect$$rtentry$$00000004)
    __rt_entry_li                            0x080002df   Thumb Code     0  __rtentry2.o(.ARM.Collect$$rtentry$$0000000A)
    __rt_entry_postsh_1                      0x080002df   Thumb Code     0  __rtentry2.o(.ARM.Collect$$rtentry$$00000009)
    __rt_entry_main                          0x080002e3   Thumb Code     0  __rtentry2.o(.ARM.Collect$$rtentry$$0000000D)
    __rt_entry_postli_1                      0x080002e3   Thumb Code     0  __rtentry2.o(.ARM.Collect$$rtentry$$0000000C)
    __rt_exit                                0x080002eb   Thumb Code     0  rtexit.o(.ARM.Collect$$rtexit$$00000000)
    __rt_exit_ls                             0x080002ed   Thumb Code     0  rtexit2.o(.ARM.Collect$$rtexit$$00000003)
    __rt_exit_prels_1                        0x080002ed   Thumb Code     0  rtexit2.o(.ARM.Collect$$rtexit$$00000002)
    __rt_exit_exit                           0x080002f1   Thumb Code     0  rtexit2.o(.ARM.Collect$$rtexit$$00000004)
    Reset_Handler                            0x080002f9   Thumb Code     8  startup_stm32f429xx.o(.text)
    ADC_IRQHandler                           0x08000313   Thumb Code     0  startup_stm32f429xx.o(.text)
    CAN1_RX0_IRQHandler                      0x08000313   Thumb Code     0  startup_stm32f429xx.o(.text)
    CAN1_RX1_IRQHandler                      0x08000313   Thumb Code     0  startup_stm32f429xx.o(.text)
    CAN1_SCE_IRQHandler                      0x08000313   Thumb Code     0  startup_stm32f429xx.o(.text)
    CAN1_TX_IRQHandler                       0x08000313   Thumb Code     0  startup_stm32f429xx.o(.text)
    CAN2_RX0_IRQHandler                      0x08000313   Thumb Code     0  startup_stm32f429xx.o(.text)
    CAN2_RX1_IRQHandler                      0x08000313   Thumb Code     0  startup_stm32f429xx.o(.text)
    CAN2_SCE_IRQHandler                      0x08000313   Thumb Code     0  startup_stm32f429xx.o(.text)
    CAN2_TX_IRQHandler                       0x08000313   Thumb Code     0  startup_stm32f429xx.o(.text)
    DCMI_IRQHandler                          0x08000313   Thumb Code     0  startup_stm32f429xx.o(.text)
    DMA1_Stream0_IRQHandler                  0x08000313   Thumb Code     0  startup_stm32f429xx.o(.text)
    DMA1_Stream1_IRQHandler                  0x08000313   Thumb Code     0  startup_stm32f429xx.o(.text)
    DMA1_Stream2_IRQHandler                  0x08000313   Thumb Code     0  startup_stm32f429xx.o(.text)
    DMA1_Stream3_IRQHandler                  0x08000313   Thumb Code     0  startup_stm32f429xx.o(.text)
    DMA1_Stream4_IRQHandler                  0x08000313   Thumb Code     0  startup_stm32f429xx.o(.text)
    DMA1_Stream5_IRQHandler                  0x08000313   Thumb Code     0  startup_stm32f429xx.o(.text)
    DMA1_Stream6_IRQHandler                  0x08000313   Thumb Code     0  startup_stm32f429xx.o(.text)
    DMA1_Stream7_IRQHandler                  0x08000313   Thumb Code     0  startup_stm32f429xx.o(.text)
    DMA2D_IRQHandler                         0x08000313   Thumb Code     0  startup_stm32f429xx.o(.text)
    DMA2_Stream0_IRQHandler                  0x08000313   Thumb Code     0  startup_stm32f429xx.o(.text)
    DMA2_Stream1_IRQHandler                  0x08000313   Thumb Code     0  startup_stm32f429xx.o(.text)
    DMA2_Stream2_IRQHandler                  0x08000313   Thumb Code     0  startup_stm32f429xx.o(.text)
    DMA2_Stream3_IRQHandler                  0x08000313   Thumb Code     0  startup_stm32f429xx.o(.text)
    DMA2_Stream4_IRQHandler                  0x08000313   Thumb Code     0  startup_stm32f429xx.o(.text)
    DMA2_Stream5_IRQHandler                  0x08000313   Thumb Code     0  startup_stm32f429xx.o(.text)
    DMA2_Stream6_IRQHandler                  0x08000313   Thumb Code     0  startup_stm32f429xx.o(.text)
    DMA2_Stream7_IRQHandler                  0x08000313   Thumb Code     0  startup_stm32f429xx.o(.text)
    ETH_IRQHandler                           0x08000313   Thumb Code     0  startup_stm32f429xx.o(.text)
    ETH_WKUP_IRQHandler                      0x08000313   Thumb Code     0  startup_stm32f429xx.o(.text)
    EXTI0_IRQHandler                         0x08000313   Thumb Code     0  startup_stm32f429xx.o(.text)
    EXTI15_10_IRQHandler                     0x08000313   Thumb Code     0  startup_stm32f429xx.o(.text)
    EXTI1_IRQHandler                         0x08000313   Thumb Code     0  startup_stm32f429xx.o(.text)
    EXTI2_IRQHandler                         0x08000313   Thumb Code     0  startup_stm32f429xx.o(.text)
    EXTI3_IRQHandler                         0x08000313   Thumb Code     0  startup_stm32f429xx.o(.text)
    EXTI4_IRQHandler                         0x08000313   Thumb Code     0  startup_stm32f429xx.o(.text)
    EXTI9_5_IRQHandler                       0x08000313   Thumb Code     0  startup_stm32f429xx.o(.text)
    FLASH_IRQHandler                         0x08000313   Thumb Code     0  startup_stm32f429xx.o(.text)
    FMC_IRQHandler                           0x08000313   Thumb Code     0  startup_stm32f429xx.o(.text)
    FPU_IRQHandler                           0x08000313   Thumb Code     0  startup_stm32f429xx.o(.text)
    HASH_RNG_IRQHandler                      0x08000313   Thumb Code     0  startup_stm32f429xx.o(.text)
    I2C1_ER_IRQHandler                       0x08000313   Thumb Code     0  startup_stm32f429xx.o(.text)
    I2C1_EV_IRQHandler                       0x08000313   Thumb Code     0  startup_stm32f429xx.o(.text)
    I2C2_ER_IRQHandler                       0x08000313   Thumb Code     0  startup_stm32f429xx.o(.text)
    I2C2_EV_IRQHandler                       0x08000313   Thumb Code     0  startup_stm32f429xx.o(.text)
    I2C3_ER_IRQHandler                       0x08000313   Thumb Code     0  startup_stm32f429xx.o(.text)
    I2C3_EV_IRQHandler                       0x08000313   Thumb Code     0  startup_stm32f429xx.o(.text)
    LTDC_ER_IRQHandler                       0x08000313   Thumb Code     0  startup_stm32f429xx.o(.text)
    LTDC_IRQHandler                          0x08000313   Thumb Code     0  startup_stm32f429xx.o(.text)
    OTG_FS_IRQHandler                        0x08000313   Thumb Code     0  startup_stm32f429xx.o(.text)
    OTG_FS_WKUP_IRQHandler                   0x08000313   Thumb Code     0  startup_stm32f429xx.o(.text)
    OTG_HS_EP1_IN_IRQHandler                 0x08000313   Thumb Code     0  startup_stm32f429xx.o(.text)
    OTG_HS_EP1_OUT_IRQHandler                0x08000313   Thumb Code     0  startup_stm32f429xx.o(.text)
    OTG_HS_IRQHandler                        0x08000313   Thumb Code     0  startup_stm32f429xx.o(.text)
    OTG_HS_WKUP_IRQHandler                   0x08000313   Thumb Code     0  startup_stm32f429xx.o(.text)
    PVD_IRQHandler                           0x08000313   Thumb Code     0  startup_stm32f429xx.o(.text)
    RCC_IRQHandler                           0x08000313   Thumb Code     0  startup_stm32f429xx.o(.text)
    RTC_Alarm_IRQHandler                     0x08000313   Thumb Code     0  startup_stm32f429xx.o(.text)
    RTC_WKUP_IRQHandler                      0x08000313   Thumb Code     0  startup_stm32f429xx.o(.text)
    SAI1_IRQHandler                          0x08000313   Thumb Code     0  startup_stm32f429xx.o(.text)
    SDIO_IRQHandler                          0x08000313   Thumb Code     0  startup_stm32f429xx.o(.text)
    SPI1_IRQHandler                          0x08000313   Thumb Code     0  startup_stm32f429xx.o(.text)
    SPI2_IRQHandler                          0x08000313   Thumb Code     0  startup_stm32f429xx.o(.text)
    SPI3_IRQHandler                          0x08000313   Thumb Code     0  startup_stm32f429xx.o(.text)
    SPI4_IRQHandler                          0x08000313   Thumb Code     0  startup_stm32f429xx.o(.text)
    SPI5_IRQHandler                          0x08000313   Thumb Code     0  startup_stm32f429xx.o(.text)
    SPI6_IRQHandler                          0x08000313   Thumb Code     0  startup_stm32f429xx.o(.text)
    TAMP_STAMP_IRQHandler                    0x08000313   Thumb Code     0  startup_stm32f429xx.o(.text)
    TIM1_BRK_TIM9_IRQHandler                 0x08000313   Thumb Code     0  startup_stm32f429xx.o(.text)
    TIM1_CC_IRQHandler                       0x08000313   Thumb Code     0  startup_stm32f429xx.o(.text)
    TIM1_TRG_COM_TIM11_IRQHandler            0x08000313   Thumb Code     0  startup_stm32f429xx.o(.text)
    TIM1_UP_TIM10_IRQHandler                 0x08000313   Thumb Code     0  startup_stm32f429xx.o(.text)
    TIM2_IRQHandler                          0x08000313   Thumb Code     0  startup_stm32f429xx.o(.text)
    TIM3_IRQHandler                          0x08000313   Thumb Code     0  startup_stm32f429xx.o(.text)
    TIM4_IRQHandler                          0x08000313   Thumb Code     0  startup_stm32f429xx.o(.text)
    TIM5_IRQHandler                          0x08000313   Thumb Code     0  startup_stm32f429xx.o(.text)
    TIM6_DAC_IRQHandler                      0x08000313   Thumb Code     0  startup_stm32f429xx.o(.text)
    TIM8_BRK_TIM12_IRQHandler                0x08000313   Thumb Code     0  startup_stm32f429xx.o(.text)
    TIM8_CC_IRQHandler                       0x08000313   Thumb Code     0  startup_stm32f429xx.o(.text)
    TIM8_TRG_COM_TIM14_IRQHandler            0x08000313   Thumb Code     0  startup_stm32f429xx.o(.text)
    TIM8_UP_TIM13_IRQHandler                 0x08000313   Thumb Code     0  startup_stm32f429xx.o(.text)
    UART4_IRQHandler                         0x08000313   Thumb Code     0  startup_stm32f429xx.o(.text)
    UART5_IRQHandler                         0x08000313   Thumb Code     0  startup_stm32f429xx.o(.text)
    UART7_IRQHandler                         0x08000313   Thumb Code     0  startup_stm32f429xx.o(.text)
    UART8_IRQHandler                         0x08000313   Thumb Code     0  startup_stm32f429xx.o(.text)
    USART2_IRQHandler                        0x08000313   Thumb Code     0  startup_stm32f429xx.o(.text)
    USART6_IRQHandler                        0x08000313   Thumb Code     0  startup_stm32f429xx.o(.text)
    WWDG_IRQHandler                          0x08000313   Thumb Code     0  startup_stm32f429xx.o(.text)
    __user_initial_stackheap                 0x08000315   Thumb Code     0  startup_stm32f429xx.o(.text)
    __use_no_semihosting                     0x08000339   Thumb Code     2  use_no_semi_2.o(.text)
    vsprintf                                 0x0800033d   Thumb Code    32  vsprintf.o(.text)
    __2printf                                0x08000361   Thumb Code    20  __2printf.o(.text)
    __2sprintf                               0x08000379   Thumb Code    38  __2sprintf.o(.text)
    _printf_str                              0x080003a5   Thumb Code    82  _printf_str.o(.text)
    _printf_int_dec                          0x080003f9   Thumb Code   104  _printf_dec.o(.text)
    __printf                                 0x08000471   Thumb Code   388  __printf_flags_ss_wp.o(.text)
    strstr                                   0x080005f9   Thumb Code    36  strstr.o(.text)
    strlen                                   0x0800061d   Thumb Code    62  strlen.o(.text)
    __use_two_region_memory                  0x0800065b   Thumb Code     2  heapauxi.o(.text)
    __rt_heap_escrow$2region                 0x0800065d   Thumb Code     2  heapauxi.o(.text)
    __rt_heap_expand$2region                 0x0800065f   Thumb Code     2  heapauxi.o(.text)
    __I$use$semihosting                      0x08000661   Thumb Code     0  use_no_semi.o(.text)
    __use_no_semihosting_swi                 0x08000661   Thumb Code     2  use_no_semi.o(.text)
    _printf_pre_padding                      0x08000663   Thumb Code    44  _printf_pad.o(.text)
    _printf_post_padding                     0x0800068f   Thumb Code    34  _printf_pad.o(.text)
    _printf_truncate_signed                  0x080006b1   Thumb Code    18  _printf_truncate.o(.text)
    _printf_truncate_unsigned                0x080006c3   Thumb Code    18  _printf_truncate.o(.text)
    _printf_int_common                       0x080006d5   Thumb Code   178  _printf_intcommon.o(.text)
    _printf_charcount                        0x08000787   Thumb Code    40  _printf_charcount.o(.text)
    _printf_char_common                      0x080007bb   Thumb Code    32  _printf_char_common.o(.text)
    _sputc                                   0x080007e1   Thumb Code    10  _sputc.o(.text)
    _printf_cs_common                        0x080007eb   Thumb Code    20  _printf_char.o(.text)
    _printf_char                             0x080007ff   Thumb Code    16  _printf_char.o(.text)
    _printf_string                           0x0800080f   Thumb Code     8  _printf_char.o(.text)
    _printf_char_file                        0x08000819   Thumb Code    32  _printf_char_file.o(.text)
    _printf_wctomb                           0x0800083d   Thumb Code   182  _printf_wctomb.o(.text)
    _printf_longlong_dec                     0x080008f9   Thumb Code   108  _printf_longlong_dec.o(.text)
    _printf_longlong_oct                     0x08000975   Thumb Code    68  _printf_oct_int_ll.o(.text)
    _printf_int_oct                          0x080009b9   Thumb Code    24  _printf_oct_int_ll.o(.text)
    _printf_ll_oct                           0x080009d1   Thumb Code    12  _printf_oct_int_ll.o(.text)
    _printf_longlong_hex                     0x080009e5   Thumb Code    86  _printf_hex_int_ll_ptr.o(.text)
    _printf_int_hex                          0x08000a3b   Thumb Code    28  _printf_hex_int_ll_ptr.o(.text)
    _printf_ll_hex                           0x08000a57   Thumb Code    12  _printf_hex_int_ll_ptr.o(.text)
    _printf_hex_ptr                          0x08000a63   Thumb Code    18  _printf_hex_int_ll_ptr.o(.text)
    _ll_udiv10                               0x08000a79   Thumb Code   138  lludiv10.o(.text)
    __lib_sel_fp_printf                      0x08000b03   Thumb Code     2  _printf_fp_dec.o(.text)
    _printf_fp_dec_real                      0x08000cb1   Thumb Code   620  _printf_fp_dec.o(.text)
    _printf_fp_hex_real                      0x08000f1d   Thumb Code   754  _printf_fp_hex.o(.text)
    _printf_lcs_common                       0x08001219   Thumb Code    20  _printf_wchar.o(.text)
    _printf_wchar                            0x0800122d   Thumb Code    16  _printf_wchar.o(.text)
    _printf_wstring                          0x0800123d   Thumb Code     8  _printf_wchar.o(.text)
    ferror                                   0x08001245   Thumb Code     8  ferror.o(.text)
    _wcrtomb                                 0x0800124d   Thumb Code    64  _wcrtomb.o(.text)
    __user_setup_stackheap                   0x0800128d   Thumb Code    74  sys_stackheap_outer.o(.text)
    __rt_ctype_table                         0x080012d9   Thumb Code    16  rt_ctype_table.o(.text)
    __rt_locale                              0x080012e9   Thumb Code     8  rt_locale_intlibspace.o(.text)
    _printf_fp_infnan                        0x080012f1   Thumb Code   112  _printf_fp_infnan.o(.text)
    _btod_etento                             0x08001371   Thumb Code   216  bigflt0.o(.text)
    exit                                     0x0800144d   Thumb Code    18  exit.o(.text)
    __user_libspace                          0x08001461   Thumb Code     8  libspace.o(.text)
    __user_perproc_libspace                  0x08001461   Thumb Code     0  libspace.o(.text)
    __user_perthread_libspace                0x08001461   Thumb Code     0  libspace.o(.text)
    strcmp                                   0x08001469   Thumb Code   128  strcmpv7m.o(.text)
    _btod_d2e                                0x080014e9   Thumb Code    62  btod.o(CL$$btod_d2e)
    _d2e_denorm_low                          0x08001527   Thumb Code    70  btod.o(CL$$btod_d2e_denorm_low)
    _d2e_norm_op1                            0x0800156d   Thumb Code    96  btod.o(CL$$btod_d2e_norm_op1)
    __btod_div_common                        0x080015cd   Thumb Code   696  btod.o(CL$$btod_div_common)
    _e2e                                     0x08001905   Thumb Code   198  btod.o(CL$$btod_e2e)
    _btod_ediv                               0x080019cb   Thumb Code    40  btod.o(CL$$btod_ediv)
    _btod_emul                               0x080019f3   Thumb Code    40  btod.o(CL$$btod_emul)
    __btod_mult_common                       0x08001a1b   Thumb Code   580  btod.o(CL$$btod_mult_common)
    BusFault_Handler                         0x08001c5f   Thumb Code     2  stm32f4xx_it.o(i.BusFault_Handler)
    DebugMon_Handler                         0x08001c61   Thumb Code     2  stm32f4xx_it.o(i.DebugMon_Handler)
    HAL_GPIO_Init                            0x08001c65   Thumb Code   422  stm32f4xx_hal_gpio.o(i.HAL_GPIO_Init)
    HAL_GetTick                              0x08001e41   Thumb Code     6  stm32f4xx_hal.o(i.HAL_GetTick)
    HAL_IncTick                              0x08001e4d   Thumb Code    10  stm32f4xx_hal.o(i.HAL_IncTick)
    HAL_Init                                 0x08001e5d   Thumb Code    48  stm32f4xx_hal.o(i.HAL_Init)
    HAL_InitTick                             0x08001e91   Thumb Code    34  stm32f4xx_hal.o(i.HAL_InitTick)
    HAL_MspInit                              0x08001eb3   Thumb Code     8  stm32f4xx_hal.o(i.HAL_MspInit)
    HAL_NVIC_EnableIRQ                       0x08001ebb   Thumb Code    22  stm32f4xx_hal_cortex.o(i.HAL_NVIC_EnableIRQ)
    HAL_NVIC_SetPriority                     0x08001ed1   Thumb Code    60  stm32f4xx_hal_cortex.o(i.HAL_NVIC_SetPriority)
    HAL_NVIC_SetPriorityGrouping             0x08001f11   Thumb Code    26  stm32f4xx_hal_cortex.o(i.HAL_NVIC_SetPriorityGrouping)
    HAL_RCC_ClockConfig                      0x08001f35   Thumb Code   512  stm32f4xx_hal_rcc.o(i.HAL_RCC_ClockConfig)
    HAL_RCC_GetHCLKFreq                      0x0800213d   Thumb Code    38  stm32f4xx_hal_rcc.o(i.HAL_RCC_GetHCLKFreq)
    HAL_RCC_GetPCLK1Freq                     0x08002171   Thumb Code    36  stm32f4xx_hal_rcc.o(i.HAL_RCC_GetPCLK1Freq)
    HAL_RCC_GetPCLK2Freq                     0x0800219d   Thumb Code    36  stm32f4xx_hal_rcc.o(i.HAL_RCC_GetPCLK2Freq)
    HAL_RCC_GetSysClockFreq                  0x080021c9   Thumb Code   104  stm32f4xx_hal_rcc.o(i.HAL_RCC_GetSysClockFreq)
    HAL_RCC_OscConfig                        0x0800223d   Thumb Code   774  stm32f4xx_hal_rcc.o(i.HAL_RCC_OscConfig)
    HAL_SYSTICK_CLKSourceConfig              0x08002559   Thumb Code    24  stm32f4xx_hal_cortex.o(i.HAL_SYSTICK_CLKSourceConfig)
    HAL_SYSTICK_Config                       0x08002571   Thumb Code    40  stm32f4xx_hal_cortex.o(i.HAL_SYSTICK_Config)
    HAL_TIM_Base_Init                        0x08002599   Thumb Code    54  stm32f4xx_hal_tim.o(i.HAL_TIM_Base_Init)
    HAL_TIM_Base_MspInit                     0x080025d1   Thumb Code    50  timer.o(i.HAL_TIM_Base_MspInit)
    HAL_TIM_Base_Start_IT                    0x0800260d   Thumb Code    24  stm32f4xx_hal_tim.o(i.HAL_TIM_Base_Start_IT)
    HAL_UART_ErrorCallback                   0x08002625   Thumb Code     2  stm32f4xx_hal_uart.o(i.HAL_UART_ErrorCallback)
    HAL_UART_IRQHandler                      0x08002627   Thumb Code   244  stm32f4xx_hal_uart.o(i.HAL_UART_IRQHandler)
    HAL_UART_Init                            0x0800271b   Thumb Code    94  stm32f4xx_hal_uart.o(i.HAL_UART_Init)
    HAL_UART_MspInit                         0x08002779   Thumb Code   278  usart.o(i.HAL_UART_MspInit)
    HAL_UART_Receive                         0x080028a9   Thumb Code   202  stm32f4xx_hal_uart.o(i.HAL_UART_Receive)
    HAL_UART_RxCpltCallback                  0x08002973   Thumb Code     2  stm32f4xx_hal_uart.o(i.HAL_UART_RxCpltCallback)
    HAL_UART_TxCpltCallback                  0x08002975   Thumb Code     2  stm32f4xx_hal_uart.o(i.HAL_UART_TxCpltCallback)
    HardFault_Handler                        0x08002977   Thumb Code     2  stm32f4xx_it.o(i.HardFault_Handler)
    MemManage_Handler                        0x08002979   Thumb Code     2  stm32f4xx_it.o(i.MemManage_Handler)
    NMI_Handler                              0x0800297b   Thumb Code     2  stm32f4xx_it.o(i.NMI_Handler)
    PendSV_Handler                           0x0800299d   Thumb Code     2  stm32f4xx_it.o(i.PendSV_Handler)
    SVC_Handler                              0x0800299f   Thumb Code     2  stm32f4xx_it.o(i.SVC_Handler)
    SysTick_Handler                          0x080029a1   Thumb Code     4  stm32f4xx_it.o(i.SysTick_Handler)
    SystemClock_Config                       0x080029a5   Thumb Code   154  main.o(i.SystemClock_Config)
    SystemInit                               0x08002a49   Thumb Code    66  system_stm32f4xx.o(i.SystemInit)
    TIM7_IRQHandler                          0x08002a9d   Thumb Code    32  timer.o(i.TIM7_IRQHandler)
    TIM7_Int_Init                            0x08002ac9   Thumb Code    34  timer.o(i.TIM7_Int_Init)
    TIM_Base_SetConfig                       0x08002af5   Thumb Code   148  stm32f4xx_hal_tim.o(i.TIM_Base_SetConfig)
    USART1_IRQHandler                        0x08002ec9   Thumb Code    98  usart.o(i.USART1_IRQHandler)
    USART3_IRQHandler                        0x08002f39   Thumb Code    70  usart.o(i.USART3_IRQHandler)
    UsageFault_Handler                       0x08002f95   Thumb Code     2  stm32f4xx_it.o(i.UsageFault_Handler)
    __ARM_fpclassify                         0x08002f97   Thumb Code    48  fpclassify.o(i.__ARM_fpclassify)
    _is_digit                                0x08002fc7   Thumb Code    14  __printf_wp.o(i._is_digit)
    _sys_exit                                0x08002fd5   Thumb Code     2  usart.o(i._sys_exit)
    atk_8266_at_response                     0x08002fd9   Thumb Code    36  common.o(i.atk_8266_at_response)
    atk_8266_check_cmd                       0x08003009   Thumb Code    28  common.o(i.atk_8266_check_cmd)
    atk_8266_consta_check                    0x0800302d   Thumb Code    32  common.o(i.atk_8266_consta_check)
    atk_8266_get_wanip                       0x0800306d   Thumb Code    54  common.o(i.atk_8266_get_wanip)
    atk_8266_init                            0x080030bd   Thumb Code   320  common.o(i.atk_8266_init)
    atk_8266_quit_trans                      0x080033c1   Thumb Code    68  common.o(i.atk_8266_quit_trans)
    atk_8266_send_cmd                        0x08003411   Thumb Code    84  common.o(i.atk_8266_send_cmd)
    atk_8266_wifisend_data                   0x0800347d   Thumb Code   108  wifista.o(i.atk_8266_wifisend_data)
    delay_init                               0x0800352d   Thumb Code    18  delay.o(i.delay_init)
    delay_ms                                 0x08003545   Thumb Code    48  delay.o(i.delay_ms)
    delay_us                                 0x08003575   Thumb Code    48  delay.o(i.delay_us)
    fputc                                    0x080035a9   Thumb Code    14  usart.o(i.fputc)
    main                                     0x080035bd   Thumb Code   110  main.o(i.main)
    my_mem_free                              0x08003661   Thumb Code    80  malloc.o(i.my_mem_free)
    my_mem_init                              0x080036b9   Thumb Code    36  malloc.o(i.my_mem_init)
    my_mem_malloc                            0x080036e5   Thumb Code   128  malloc.o(i.my_mem_malloc)
    my_mem_perused                           0x0800376d   Thumb Code    50  malloc.o(i.my_mem_perused)
    myfree                                   0x080037a9   Thumb Code    20  malloc.o(i.myfree)
    mymalloc                                 0x080037c1   Thumb Code    28  malloc.o(i.mymalloc)
    mymemset                                 0x080037e1   Thumb Code    12  malloc.o(i.mymemset)
    u3_printf                                0x080037ed   Thumb Code    56  usart.o(i.u3_printf)
    uart_init                                0x0800382d   Thumb Code    28  usart.o(i.uart_init)
    usart3_init                              0x08003851   Thumb Code    28  usart.o(i.usart3_init)
    _get_lc_numeric                          0x08003875   Thumb Code    44  lc_numeric_c.o(locale$$code)
    _get_lc_ctype                            0x080038a1   Thumb Code    44  lc_ctype_c.o(locale$$code)
    _fp_init                                 0x080038cd   Thumb Code    10  fpinit.o(x$fpl$fpinit)
    __fplib_config_fpu_vfp                   0x080038d5   Thumb Code     0  fpinit.o(x$fpl$fpinit)
    __fplib_config_pureend_doubles           0x080038d5   Thumb Code     0  fpinit.o(x$fpl$fpinit)
    _printf_fp_dec                           0x080038d7   Thumb Code     4  printf1.o(x$fpl$printf1)
    _printf_fp_hex                           0x080038db   Thumb Code     4  printf2.o(x$fpl$printf2)
    APBAHBPrescTable                         0x080038de   Data          16  stm32f4xx_hal_rcc.o(.constdata)
    __I$use$fp                               0x080038de   Number         0  usenofp.o(x$fpl$usenofp)
    memtblsize                               0x080038f0   Data          12  malloc.o(.constdata)
    memblksize                               0x080038fc   Data          12  malloc.o(.constdata)
    memsize                                  0x08003908   Data          12  malloc.o(.constdata)
    Region$$Table$$Base                      0x08003a64   Number         0  anon$$obj.o(Region$$Table)
    Region$$Table$$Limit                     0x08003a84   Number         0  anon$$obj.o(Region$$Table)
    __ctype                                  0x08003aad   Data           0  lc_ctype_c.o(locale$$data)
    mem3base                                 0x10000000   Data       61440  malloc.o(.ARM.__AT_0x10000000)
    mem3mapbase                              0x1000f000   Data        3840  malloc.o(.ARM.__AT_0x1000F000)
    SystemCoreClock                          0x20000000   Data           4  system_stm32f4xx.o(.data)
    AHBPrescTable                            0x20000004   Data          16  system_stm32f4xx.o(.data)
    USART_RX_STA                             0x2000001c   Data           2  usart.o(.data)
    USART3_RX_STA                            0x2000001e   Data           2  usart.o(.data)
    __stdout                                 0x20000020   Data           4  usart.o(.data)
    mallco_dev                               0x20000024   Data          36  malloc.o(.data)
    remote_ip                                0x20000048   Data           4  common.o(.data)
    portnum                                  0x2000004c   Data           4  common.o(.data)
    wifista_ssid                             0x20000050   Data           4  common.o(.data)
    wifista_password                         0x20000054   Data           4  common.o(.data)
    ATK_ESP8266_WORKMODE_TBL                 0x20000058   Data          12  common.o(.data)
    USART_RX_BUF                             0x20000068   Data         200  usart.o(.bss)
    USART3_TX_BUF                            0x20000130   Data         800  usart.o(.bss)
    USART3_RX_BUF                            0x20000450   Data         800  usart.o(.bss)
    UART1_Handler                            0x20000770   Data          64  usart.o(.bss)
    UART3_Handler                            0x200007b0   Data          64  usart.o(.bss)
    TIM7_Handler                             0x200007f0   Data          60  timer.o(.bss)
    mem1base                                 0x20000840   Data       163840  malloc.o(.bss)
    mem1mapbase                              0x20028840   Data       10240  malloc.o(.bss)
    __libspace_start                         0x2002b040   Data          96  libspace.o(.bss)
    __temporary_stack_top$libspace           0x2002b0a0   Data           0  libspace.o(.bss)
    mem2base                                 0xc01f4000   Data       29605888  malloc.o(.ARM.__AT_0xC01F4000)
    mem2mapbase                              0xc1e30000   Data       1850368  malloc.o(.ARM.__AT_0xC1E30000)



==============================================================================

Memory Map of the image

  Image Entry point : 0x080001ad

  Load Region LR_IROM1 (Base: 0x08000000, Size: 0x00003c14, Max: 0x00100000, ABSOLUTE)

    Execution Region ER_IROM1 (Base: 0x08000000, Size: 0x00003bb0, Max: 0x00100000, ABSOLUTE)

    Base Addr    Size         Type   Attr      Idx    E Section Name        Object

    0x08000000   0x000001ac   Data   RO          500    RESET               startup_stm32f429xx.o
    0x080001ac   0x00000008   Code   RO         4679  * !!!main             c_w.l(__main.o)
    0x080001b4   0x00000034   Code   RO         4975    !!!scatter          c_w.l(__scatter.o)
    0x080001e8   0x0000001a   Code   RO         4977    !!handler_copy      c_w.l(__scatter_copy.o)
    0x08000202   0x00000002   PAD
    0x08000204   0x0000001c   Code   RO         4979    !!handler_zi        c_w.l(__scatter_zi.o)
    0x08000220   0x00000000   Code   RO         4668    .ARM.Collect$$_printf_percent$$00000000  c_w.l(_printf_percent.o)
    0x08000220   0x00000006   Code   RO         4733    .ARM.Collect$$_printf_percent$$00000001  c_w.l(_printf_n.o)
    0x08000226   0x00000006   Code   RO         4735    .ARM.Collect$$_printf_percent$$00000002  c_w.l(_printf_p.o)
    0x0800022c   0x00000006   Code   RO         4739    .ARM.Collect$$_printf_percent$$00000003  c_w.l(_printf_f.o)
    0x08000232   0x00000006   Code   RO         4740    .ARM.Collect$$_printf_percent$$00000004  c_w.l(_printf_e.o)
    0x08000238   0x00000006   Code   RO         4741    .ARM.Collect$$_printf_percent$$00000005  c_w.l(_printf_g.o)
    0x0800023e   0x00000006   Code   RO         4742    .ARM.Collect$$_printf_percent$$00000006  c_w.l(_printf_a.o)
    0x08000244   0x0000000a   Code   RO         4747    .ARM.Collect$$_printf_percent$$00000007  c_w.l(_printf_ll.o)
    0x0800024e   0x00000006   Code   RO         4737    .ARM.Collect$$_printf_percent$$00000008  c_w.l(_printf_i.o)
    0x08000254   0x00000006   Code   RO         4667    .ARM.Collect$$_printf_percent$$00000009  c_w.l(_printf_d.o)
    0x0800025a   0x00000006   Code   RO         4738    .ARM.Collect$$_printf_percent$$0000000A  c_w.l(_printf_u.o)
    0x08000260   0x00000006   Code   RO         4736    .ARM.Collect$$_printf_percent$$0000000B  c_w.l(_printf_o.o)
    0x08000266   0x00000006   Code   RO         4734    .ARM.Collect$$_printf_percent$$0000000C  c_w.l(_printf_x.o)
    0x0800026c   0x00000006   Code   RO         4744    .ARM.Collect$$_printf_percent$$0000000D  c_w.l(_printf_lli.o)
    0x08000272   0x00000006   Code   RO         4745    .ARM.Collect$$_printf_percent$$0000000E  c_w.l(_printf_lld.o)
    0x08000278   0x00000006   Code   RO         4746    .ARM.Collect$$_printf_percent$$0000000F  c_w.l(_printf_llu.o)
    0x0800027e   0x00000006   Code   RO         4751    .ARM.Collect$$_printf_percent$$00000010  c_w.l(_printf_llo.o)
    0x08000284   0x00000006   Code   RO         4752    .ARM.Collect$$_printf_percent$$00000011  c_w.l(_printf_llx.o)
    0x0800028a   0x0000000a   Code   RO         4748    .ARM.Collect$$_printf_percent$$00000012  c_w.l(_printf_l.o)
    0x08000294   0x00000006   Code   RO         4732    .ARM.Collect$$_printf_percent$$00000013  c_w.l(_printf_c.o)
    0x0800029a   0x00000006   Code   RO         4666    .ARM.Collect$$_printf_percent$$00000014  c_w.l(_printf_s.o)
    0x080002a0   0x00000006   Code   RO         4749    .ARM.Collect$$_printf_percent$$00000015  c_w.l(_printf_lc.o)
    0x080002a6   0x00000006   Code   RO         4750    .ARM.Collect$$_printf_percent$$00000016  c_w.l(_printf_ls.o)
    0x080002ac   0x00000004   Code   RO         4743    .ARM.Collect$$_printf_percent$$00000017  c_w.l(_printf_percent_end.o)
    0x080002b0   0x00000002   Code   RO         4839    .ARM.Collect$$libinit$$00000000  c_w.l(libinit.o)
    0x080002b2   0x00000004   Code   RO         4855    .ARM.Collect$$libinit$$00000001  c_w.l(libinit2.o)
    0x080002b6   0x00000000   Code   RO         4858    .ARM.Collect$$libinit$$00000004  c_w.l(libinit2.o)
    0x080002b6   0x00000000   Code   RO         4861    .ARM.Collect$$libinit$$0000000A  c_w.l(libinit2.o)
    0x080002b6   0x00000000   Code   RO         4863    .ARM.Collect$$libinit$$0000000C  c_w.l(libinit2.o)
    0x080002b6   0x00000000   Code   RO         4865    .ARM.Collect$$libinit$$0000000E  c_w.l(libinit2.o)
    0x080002b6   0x00000006   Code   RO         4866    .ARM.Collect$$libinit$$0000000F  c_w.l(libinit2.o)
    0x080002bc   0x00000000   Code   RO         4868    .ARM.Collect$$libinit$$00000011  c_w.l(libinit2.o)
    0x080002bc   0x0000000c   Code   RO         4869    .ARM.Collect$$libinit$$00000012  c_w.l(libinit2.o)
    0x080002c8   0x00000000   Code   RO         4870    .ARM.Collect$$libinit$$00000013  c_w.l(libinit2.o)
    0x080002c8   0x00000000   Code   RO         4872    .ARM.Collect$$libinit$$00000015  c_w.l(libinit2.o)
    0x080002c8   0x0000000a   Code   RO         4873    .ARM.Collect$$libinit$$00000016  c_w.l(libinit2.o)
    0x080002d2   0x00000000   Code   RO         4874    .ARM.Collect$$libinit$$00000017  c_w.l(libinit2.o)
    0x080002d2   0x00000000   Code   RO         4876    .ARM.Collect$$libinit$$00000019  c_w.l(libinit2.o)
    0x080002d2   0x00000000   Code   RO         4878    .ARM.Collect$$libinit$$0000001B  c_w.l(libinit2.o)
    0x080002d2   0x00000000   Code   RO         4880    .ARM.Collect$$libinit$$0000001D  c_w.l(libinit2.o)
    0x080002d2   0x00000000   Code   RO         4882    .ARM.Collect$$libinit$$0000001F  c_w.l(libinit2.o)
    0x080002d2   0x00000000   Code   RO         4884    .ARM.Collect$$libinit$$00000021  c_w.l(libinit2.o)
    0x080002d2   0x00000000   Code   RO         4886    .ARM.Collect$$libinit$$00000023  c_w.l(libinit2.o)
    0x080002d2   0x00000000   Code   RO         4888    .ARM.Collect$$libinit$$00000025  c_w.l(libinit2.o)
    0x080002d2   0x00000000   Code   RO         4892    .ARM.Collect$$libinit$$0000002C  c_w.l(libinit2.o)
    0x080002d2   0x00000000   Code   RO         4894    .ARM.Collect$$libinit$$0000002E  c_w.l(libinit2.o)
    0x080002d2   0x00000000   Code   RO         4896    .ARM.Collect$$libinit$$00000030  c_w.l(libinit2.o)
    0x080002d2   0x00000000   Code   RO         4898    .ARM.Collect$$libinit$$00000032  c_w.l(libinit2.o)
    0x080002d2   0x00000002   Code   RO         4899    .ARM.Collect$$libinit$$00000033  c_w.l(libinit2.o)
    0x080002d4   0x00000002   Code   RO         4917    .ARM.Collect$$libshutdown$$00000000  c_w.l(libshutdown.o)
    0x080002d6   0x00000000   Code   RO         4927    .ARM.Collect$$libshutdown$$00000002  c_w.l(libshutdown2.o)
    0x080002d6   0x00000000   Code   RO         4929    .ARM.Collect$$libshutdown$$00000004  c_w.l(libshutdown2.o)
    0x080002d6   0x00000000   Code   RO         4932    .ARM.Collect$$libshutdown$$00000007  c_w.l(libshutdown2.o)
    0x080002d6   0x00000000   Code   RO         4935    .ARM.Collect$$libshutdown$$0000000A  c_w.l(libshutdown2.o)
    0x080002d6   0x00000000   Code   RO         4937    .ARM.Collect$$libshutdown$$0000000C  c_w.l(libshutdown2.o)
    0x080002d6   0x00000000   Code   RO         4940    .ARM.Collect$$libshutdown$$0000000F  c_w.l(libshutdown2.o)
    0x080002d6   0x00000002   Code   RO         4941    .ARM.Collect$$libshutdown$$00000010  c_w.l(libshutdown2.o)
    0x080002d8   0x00000000   Code   RO         4683    .ARM.Collect$$rtentry$$00000000  c_w.l(__rtentry.o)
    0x080002d8   0x00000000   Code   RO         4762    .ARM.Collect$$rtentry$$00000002  c_w.l(__rtentry2.o)
    0x080002d8   0x00000006   Code   RO         4774    .ARM.Collect$$rtentry$$00000004  c_w.l(__rtentry4.o)
    0x080002de   0x00000000   Code   RO         4764    .ARM.Collect$$rtentry$$00000009  c_w.l(__rtentry2.o)
    0x080002de   0x00000004   Code   RO         4765    .ARM.Collect$$rtentry$$0000000A  c_w.l(__rtentry2.o)
    0x080002e2   0x00000000   Code   RO         4767    .ARM.Collect$$rtentry$$0000000C  c_w.l(__rtentry2.o)
    0x080002e2   0x00000008   Code   RO         4768    .ARM.Collect$$rtentry$$0000000D  c_w.l(__rtentry2.o)
    0x080002ea   0x00000002   Code   RO         4848    .ARM.Collect$$rtexit$$00000000  c_w.l(rtexit.o)
    0x080002ec   0x00000000   Code   RO         4901    .ARM.Collect$$rtexit$$00000002  c_w.l(rtexit2.o)
    0x080002ec   0x00000004   Code   RO         4902    .ARM.Collect$$rtexit$$00000003  c_w.l(rtexit2.o)
    0x080002f0   0x00000006   Code   RO         4903    .ARM.Collect$$rtexit$$00000004  c_w.l(rtexit2.o)
    0x080002f6   0x00000002   PAD
    0x080002f8   0x00000040   Code   RO          501    .text               startup_stm32f429xx.o
    0x08000338   0x00000002   Code   RO         4628    .text               c_w.l(use_no_semi_2.o)
    0x0800033a   0x00000002   PAD
    0x0800033c   0x00000024   Code   RO         4630    .text               c_w.l(vsprintf.o)
    0x08000360   0x00000018   Code   RO         4632    .text               c_w.l(__2printf.o)
    0x08000378   0x0000002c   Code   RO         4634    .text               c_w.l(__2sprintf.o)
    0x080003a4   0x00000052   Code   RO         4642    .text               c_w.l(_printf_str.o)
    0x080003f6   0x00000002   PAD
    0x080003f8   0x00000078   Code   RO         4644    .text               c_w.l(_printf_dec.o)
    0x08000470   0x00000188   Code   RO         4663    .text               c_w.l(__printf_flags_ss_wp.o)
    0x080005f8   0x00000024   Code   RO         4669    .text               c_w.l(strstr.o)
    0x0800061c   0x0000003e   Code   RO         4671    .text               c_w.l(strlen.o)
    0x0800065a   0x00000006   Code   RO         4677    .text               c_w.l(heapauxi.o)
    0x08000660   0x00000002   Code   RO         4681    .text               c_w.l(use_no_semi.o)
    0x08000662   0x0000004e   Code   RO         4684    .text               c_w.l(_printf_pad.o)
    0x080006b0   0x00000024   Code   RO         4686    .text               c_w.l(_printf_truncate.o)
    0x080006d4   0x000000b2   Code   RO         4688    .text               c_w.l(_printf_intcommon.o)
    0x08000786   0x00000028   Code   RO         4690    .text               c_w.l(_printf_charcount.o)
    0x080007ae   0x00000002   PAD
    0x080007b0   0x00000030   Code   RO         4692    .text               c_w.l(_printf_char_common.o)
    0x080007e0   0x0000000a   Code   RO         4694    .text               c_w.l(_sputc.o)
    0x080007ea   0x0000002c   Code   RO         4696    .text               c_w.l(_printf_char.o)
    0x08000816   0x00000002   PAD
    0x08000818   0x00000024   Code   RO         4698    .text               c_w.l(_printf_char_file.o)
    0x0800083c   0x000000bc   Code   RO         4700    .text               c_w.l(_printf_wctomb.o)
    0x080008f8   0x0000007c   Code   RO         4703    .text               c_w.l(_printf_longlong_dec.o)
    0x08000974   0x00000070   Code   RO         4709    .text               c_w.l(_printf_oct_int_ll.o)
    0x080009e4   0x00000094   Code   RO         4729    .text               c_w.l(_printf_hex_int_ll_ptr.o)
    0x08000a78   0x0000008a   Code   RO         4776    .text               c_w.l(lludiv10.o)
    0x08000b02   0x0000041a   Code   RO         4778    .text               c_w.l(_printf_fp_dec.o)
    0x08000f1c   0x000002fc   Code   RO         4780    .text               c_w.l(_printf_fp_hex.o)
    0x08001218   0x0000002c   Code   RO         4785    .text               c_w.l(_printf_wchar.o)
    0x08001244   0x00000008   Code   RO         4787    .text               c_w.l(ferror.o)
    0x0800124c   0x00000040   Code   RO         4791    .text               c_w.l(_wcrtomb.o)
    0x0800128c   0x0000004a   Code   RO         4793    .text               c_w.l(sys_stackheap_outer.o)
    0x080012d6   0x00000002   PAD
    0x080012d8   0x00000010   Code   RO         4795    .text               c_w.l(rt_ctype_table.o)
    0x080012e8   0x00000008   Code   RO         4800    .text               c_w.l(rt_locale_intlibspace.o)
    0x080012f0   0x00000080   Code   RO         4802    .text               c_w.l(_printf_fp_infnan.o)
    0x08001370   0x000000dc   Code   RO         4804    .text               c_w.l(bigflt0.o)
    0x0800144c   0x00000012   Code   RO         4832    .text               c_w.l(exit.o)
    0x0800145e   0x00000002   PAD
    0x08001460   0x00000008   Code   RO         4845    .text               c_w.l(libspace.o)
    0x08001468   0x00000080   Code   RO         4853    .text               c_w.l(strcmpv7m.o)
    0x080014e8   0x0000003e   Code   RO         4807    CL$$btod_d2e        c_w.l(btod.o)
    0x08001526   0x00000046   Code   RO         4809    CL$$btod_d2e_denorm_low  c_w.l(btod.o)
    0x0800156c   0x00000060   Code   RO         4808    CL$$btod_d2e_norm_op1  c_w.l(btod.o)
    0x080015cc   0x00000338   Code   RO         4817    CL$$btod_div_common  c_w.l(btod.o)
    0x08001904   0x000000c6   Code   RO         4814    CL$$btod_e2e        c_w.l(btod.o)
    0x080019ca   0x00000028   Code   RO         4811    CL$$btod_ediv       c_w.l(btod.o)
    0x080019f2   0x00000028   Code   RO         4810    CL$$btod_emul       c_w.l(btod.o)
    0x08001a1a   0x00000244   Code   RO         4816    CL$$btod_mult_common  c_w.l(btod.o)
    0x08001c5e   0x00000002   Code   RO          283    i.BusFault_Handler  stm32f4xx_it.o
    0x08001c60   0x00000002   Code   RO          284    i.DebugMon_Handler  stm32f4xx_it.o
    0x08001c62   0x00000002   PAD
    0x08001c64   0x000001dc   Code   RO          792    i.HAL_GPIO_Init     stm32f4xx_hal_gpio.o
    0x08001e40   0x0000000c   Code   RO          523    i.HAL_GetTick       stm32f4xx_hal.o
    0x08001e4c   0x00000010   Code   RO          524    i.HAL_IncTick       stm32f4xx_hal.o
    0x08001e5c   0x00000034   Code   RO          525    i.HAL_Init          stm32f4xx_hal.o
    0x08001e90   0x00000022   Code   RO          526    i.HAL_InitTick      stm32f4xx_hal.o
    0x08001eb2   0x00000008   Code   RO          528    i.HAL_MspInit       stm32f4xx_hal.o
    0x08001eba   0x00000016   Code   RO          669    i.HAL_NVIC_EnableIRQ  stm32f4xx_hal_cortex.o
    0x08001ed0   0x00000040   Code   RO          675    i.HAL_NVIC_SetPriority  stm32f4xx_hal_cortex.o
    0x08001f10   0x00000024   Code   RO          676    i.HAL_NVIC_SetPriorityGrouping  stm32f4xx_hal_cortex.o
    0x08001f34   0x00000208   Code   RO         1497    i.HAL_RCC_ClockConfig  stm32f4xx_hal_rcc.o
    0x0800213c   0x00000034   Code   RO         1502    i.HAL_RCC_GetHCLKFreq  stm32f4xx_hal_rcc.o
    0x08002170   0x0000002c   Code   RO         1504    i.HAL_RCC_GetPCLK1Freq  stm32f4xx_hal_rcc.o
    0x0800219c   0x0000002c   Code   RO         1505    i.HAL_RCC_GetPCLK2Freq  stm32f4xx_hal_rcc.o
    0x080021c8   0x00000074   Code   RO         1506    i.HAL_RCC_GetSysClockFreq  stm32f4xx_hal_rcc.o
    0x0800223c   0x0000031c   Code   RO         1509    i.HAL_RCC_OscConfig  stm32f4xx_hal_rcc.o
    0x08002558   0x00000018   Code   RO          678    i.HAL_SYSTICK_CLKSourceConfig  stm32f4xx_hal_cortex.o
    0x08002570   0x00000028   Code   RO          680    i.HAL_SYSTICK_Config  stm32f4xx_hal_cortex.o
    0x08002598   0x00000036   Code   RO         2541    i.HAL_TIM_Base_Init  stm32f4xx_hal_tim.o
    0x080025ce   0x00000002   PAD
    0x080025d0   0x0000003c   Code   RO         4388    i.HAL_TIM_Base_MspInit  timer.o
    0x0800260c   0x00000018   Code   RO         2546    i.HAL_TIM_Base_Start_IT  stm32f4xx_hal_tim.o
    0x08002624   0x00000002   Code   RO         3421    i.HAL_UART_ErrorCallback  stm32f4xx_hal_uart.o
    0x08002626   0x000000f4   Code   RO         3424    i.HAL_UART_IRQHandler  stm32f4xx_hal_uart.o
    0x0800271a   0x0000005e   Code   RO         3425    i.HAL_UART_Init     stm32f4xx_hal_uart.o
    0x08002778   0x00000130   Code   RO         4307    i.HAL_UART_MspInit  usart.o
    0x080028a8   0x000000ca   Code   RO         3428    i.HAL_UART_Receive  stm32f4xx_hal_uart.o
    0x08002972   0x00000002   Code   RO         3431    i.HAL_UART_RxCpltCallback  stm32f4xx_hal_uart.o
    0x08002974   0x00000002   Code   RO         3436    i.HAL_UART_TxCpltCallback  stm32f4xx_hal_uart.o
    0x08002976   0x00000002   Code   RO          285    i.HardFault_Handler  stm32f4xx_it.o
    0x08002978   0x00000002   Code   RO          286    i.MemManage_Handler  stm32f4xx_it.o
    0x0800297a   0x00000002   Code   RO          287    i.NMI_Handler       stm32f4xx_it.o
    0x0800297c   0x00000020   Code   RO          682    i.NVIC_SetPriority  stm32f4xx_hal_cortex.o
    0x0800299c   0x00000002   Code   RO          288    i.PendSV_Handler    stm32f4xx_it.o
    0x0800299e   0x00000002   Code   RO          289    i.SVC_Handler       stm32f4xx_it.o
    0x080029a0   0x00000004   Code   RO          290    i.SysTick_Handler   stm32f4xx_it.o
    0x080029a4   0x000000a4   Code   RO            5    i.SystemClock_Config  main.o
    0x08002a48   0x00000054   Code   RO          366    i.SystemInit        system_stm32f4xx.o
    0x08002a9c   0x0000002c   Code   RO         4389    i.TIM7_IRQHandler   timer.o
    0x08002ac8   0x0000002c   Code   RO         4390    i.TIM7_Int_Init     timer.o
    0x08002af4   0x000000c0   Code   RO         2625    i.TIM_Base_SetConfig  stm32f4xx_hal_tim.o
    0x08002bb4   0x000000a6   Code   RO         3443    i.UART_Receive_IT   stm32f4xx_hal_uart.o
    0x08002c5a   0x00000002   PAD
    0x08002c5c   0x00000174   Code   RO         3444    i.UART_SetConfig    stm32f4xx_hal_uart.o
    0x08002dd0   0x00000066   Code   RO         3445    i.UART_Transmit_IT  stm32f4xx_hal_uart.o
    0x08002e36   0x00000092   Code   RO         3446    i.UART_WaitOnFlagUntilTimeout  stm32f4xx_hal_uart.o
    0x08002ec8   0x00000070   Code   RO         4308    i.USART1_IRQHandler  usart.o
    0x08002f38   0x0000005c   Code   RO         4309    i.USART3_IRQHandler  usart.o
    0x08002f94   0x00000002   Code   RO          291    i.UsageFault_Handler  stm32f4xx_it.o
    0x08002f96   0x00000030   Code   RO         4843    i.__ARM_fpclassify  m_wm.l(fpclassify.o)
    0x08002fc6   0x0000000e   Code   RO         4656    i._is_digit         c_w.l(__printf_wp.o)
    0x08002fd4   0x00000002   Code   RO         4310    i._sys_exit         usart.o
    0x08002fd6   0x00000002   PAD
    0x08002fd8   0x00000030   Code   RO         4512    i.atk_8266_at_response  common.o
    0x08003008   0x00000024   Code   RO         4513    i.atk_8266_check_cmd  common.o
    0x0800302c   0x00000040   Code   RO         4514    i.atk_8266_consta_check  common.o
    0x0800306c   0x00000050   Code   RO         4515    i.atk_8266_get_wanip  common.o
    0x080030bc   0x00000304   Code   RO         4516    i.atk_8266_init     common.o
    0x080033c0   0x00000050   Code   RO         4517    i.atk_8266_quit_trans  common.o
    0x08003410   0x0000006c   Code   RO         4518    i.atk_8266_send_cmd  common.o
    0x0800347c   0x000000b0   Code   RO         4605    i.atk_8266_wifisend_data  wifista.o
    0x0800352c   0x00000018   Code   RO         4241    i.delay_init        delay.o
    0x08003544   0x00000030   Code   RO         4242    i.delay_ms          delay.o
    0x08003574   0x00000034   Code   RO         4243    i.delay_us          delay.o
    0x080035a8   0x00000014   Code   RO         4311    i.fputc             usart.o
    0x080035bc   0x000000a4   Code   RO            6    i.main              main.o
    0x08003660   0x00000058   Code   RO         4428    i.my_mem_free       malloc.o
    0x080036b8   0x0000002c   Code   RO         4429    i.my_mem_init       malloc.o
    0x080036e4   0x00000088   Code   RO         4430    i.my_mem_malloc     malloc.o
    0x0800376c   0x0000003c   Code   RO         4431    i.my_mem_perused    malloc.o
    0x080037a8   0x00000018   Code   RO         4432    i.myfree            malloc.o
    0x080037c0   0x00000020   Code   RO         4433    i.mymalloc          malloc.o
    0x080037e0   0x0000000c   Code   RO         4435    i.mymemset          malloc.o
    0x080037ec   0x00000040   Code   RO         4312    i.u3_printf         usart.o
    0x0800382c   0x00000024   Code   RO         4313    i.uart_init         usart.o
    0x08003850   0x00000024   Code   RO         4314    i.usart3_init       usart.o
    0x08003874   0x0000002c   Code   RO         4830    locale$$code        c_w.l(lc_numeric_c.o)
    0x080038a0   0x0000002c   Code   RO         4851    locale$$code        c_w.l(lc_ctype_c.o)
    0x080038cc   0x0000000a   Code   RO         4909    x$fpl$fpinit        fz_wm.l(fpinit.o)
    0x080038d6   0x00000004   Code   RO         4753    x$fpl$printf1       fz_wm.l(printf1.o)
    0x080038da   0x00000004   Code   RO         4755    x$fpl$printf2       fz_wm.l(printf2.o)
    0x080038de   0x00000000   Code   RO         4842    x$fpl$usenofp       fz_wm.l(usenofp.o)
    0x080038de   0x00000010   Data   RO         1510    .constdata          stm32f4xx_hal_rcc.o
    0x080038ee   0x00000002   PAD
    0x080038f0   0x00000024   Data   RO         4443    .constdata          malloc.o
    0x08003914   0x00000011   Data   RO         4664    .constdata          c_w.l(__printf_flags_ss_wp.o)
    0x08003925   0x00000003   PAD
    0x08003928   0x00000008   Data   RO         4701    .constdata          c_w.l(_printf_wctomb.o)
    0x08003930   0x00000028   Data   RO         4730    .constdata          c_w.l(_printf_hex_int_ll_ptr.o)
    0x08003958   0x00000026   Data   RO         4781    .constdata          c_w.l(_printf_fp_hex.o)
    0x0800397e   0x00000002   PAD
    0x08003980   0x00000094   Data   RO         4805    .constdata          c_w.l(bigflt0.o)
    0x08003a14   0x0000004e   Data   RO         4520    .conststring        common.o
    0x08003a62   0x00000002   PAD
    0x08003a64   0x00000020   Data   RO         4973    Region$$Table       anon$$obj.o
    0x08003a84   0x0000001c   Data   RO         4829    locale$$data        c_w.l(lc_numeric_c.o)
    0x08003aa0   0x00000110   Data   RO         4850    locale$$data        c_w.l(lc_ctype_c.o)


    Execution Region RW_IRAM1 (Base: 0x20000000, Size: 0x0002b6a0, Max: 0x00030000, ABSOLUTE)

    Base Addr    Size         Type   Attr      Idx    E Section Name        Object

    0x20000000   0x00000014   Data   RW          367    .data               system_stm32f4xx.o
    0x20000014   0x00000004   Data   RW          531    .data               stm32f4xx_hal.o
    0x20000018   0x00000004   Data   RW         4244    .data               delay.o
    0x2000001c   0x00000004   Data   RW         4316    .data               usart.o
    0x20000020   0x00000004   Data   RW         4317    .data               usart.o
    0x20000024   0x00000024   Data   RW         4444    .data               malloc.o
    0x20000048   0x0000001c   Data   RW         4527    .data               common.o
    0x20000064   0x00000004   PAD
    0x20000068   0x00000788   Zero   RW         4315    .bss                usart.o
    0x200007f0   0x0000003c   Zero   RW         4391    .bss                timer.o
    0x2000082c   0x00000014   PAD
    0x20000840   0x00028000   Zero   RW         4441    .bss                malloc.o
    0x20028840   0x00002800   Zero   RW         4442    .bss                malloc.o
    0x2002b040   0x00000060   Zero   RW         4846    .bss                c_w.l(libspace.o)
    0x2002b0a0   0x00000200   Zero   RW          499    HEAP                startup_stm32f429xx.o
    0x2002b2a0   0x00000400   Zero   RW          498    STACK               startup_stm32f429xx.o



  Load Region LR$$.ARM.__AT_0x10000000 (Base: 0x10000000, Size: 0x00000000, Max: 0x0000f000, ABSOLUTE)

    Execution Region ER$$.ARM.__AT_0x10000000 (Base: 0x10000000, Size: 0x0000f000, Max: 0x0000f000, ABSOLUTE, UNINIT)

    Base Addr    Size         Type   Attr      Idx    E Section Name        Object

    0x10000000   0x0000f000   Zero   RW         4437    .ARM.__AT_0x10000000  malloc.o



  Load Region LR$$.ARM.__AT_0x1000F000 (Base: 0x1000f000, Size: 0x00000000, Max: 0x00000f00, ABSOLUTE)

    Execution Region ER$$.ARM.__AT_0x1000F000 (Base: 0x1000f000, Size: 0x00000f00, Max: 0x00000f00, ABSOLUTE, UNINIT)

    Base Addr    Size         Type   Attr      Idx    E Section Name        Object

    0x1000f000   0x00000f00   Zero   RW         4438    .ARM.__AT_0x1000F000  malloc.o



  Load Region LR$$.ARM.__AT_0xC01F4000 (Base: 0xc01f4000, Size: 0x00000000, Max: 0x01c3c000, ABSOLUTE)

    Execution Region ER$$.ARM.__AT_0xC01F4000 (Base: 0xc01f4000, Size: 0x01c3c000, Max: 0x01c3c000, ABSOLUTE, UNINIT)

    Base Addr    Size         Type   Attr      Idx    E Section Name        Object

    0xc01f4000   0x01c3c000   Zero   RW         4439    .ARM.__AT_0xC01F4000  malloc.o



  Load Region LR$$.ARM.__AT_0xC1E30000 (Base: 0xc1e30000, Size: 0x00000000, Max: 0x001c3c00, ABSOLUTE)

    Execution Region ER$$.ARM.__AT_0xC1E30000 (Base: 0xc1e30000, Size: 0x001c3c00, Max: 0x001c3c00, ABSOLUTE, UNINIT)

    Base Addr    Size         Type   Attr      Idx    E Section Name        Object

    0xc1e30000   0x001c3c00   Zero   RW         4440    .ARM.__AT_0xC1E30000  malloc.o


==============================================================================

Image component sizes


      Code (inc. data)   RO Data    RW Data    ZI Data      Debug   Object Name

      1188        566         78         28          0       5506   common.o
       124         10          0          4          0       1895   delay.o
       328         64          0          0          0     402424   main.o
       396         42         36         36   31695616       6381   malloc.o
        64         26        428          0       1536        816   startup_stm32f429xx.o
       122         16          0          4          0       4016   stm32f4xx_hal.o
       218         14          0          0          0      30785   stm32f4xx_hal_cortex.o
       476         54          0          0          0       1956   stm32f4xx_hal_gpio.o
      1572         72         16          0          0       6211   stm32f4xx_hal_rcc.o
       270         44          0          0          0       3329   stm32f4xx_hal_tim.o
      1332          8          0          0          0       8522   stm32f4xx_hal_uart.o
        20          0          0          0          0       3830   stm32f4xx_it.o
        84         18          0         20          0        989   system_stm32f4xx.o
       148         32          0          0         60       2172   timer.o
       666         92          0          8       1928       7275   usart.o
       176         68          0          0          0       1129   wifista.o

    ----------------------------------------------------------------------
      7192       1126        594        100   31699164     487236   Object Totals
         0          0         32          0          0          0   (incl. Generated)
         8          0          4          0         24          0   (incl. Padding)

    ----------------------------------------------------------------------

      Code (inc. data)   RO Data    RW Data    ZI Data      Debug   Library Member Name

        24          4          0          0          0         84   __2printf.o
        44          6          0          0          0         84   __2sprintf.o
         8          0          0          0          0         68   __main.o
       392          4         17          0          0         92   __printf_flags_ss_wp.o
        14          0          0          0          0         68   __printf_wp.o
         0          0          0          0          0          0   __rtentry.o
        12          0          0          0          0          0   __rtentry2.o
         6          0          0          0          0          0   __rtentry4.o
        52          8          0          0          0          0   __scatter.o
        26          0          0          0          0          0   __scatter_copy.o
        28          0          0          0          0          0   __scatter_zi.o
         6          0          0          0          0          0   _printf_a.o
         6          0          0          0          0          0   _printf_c.o
        44          0          0          0          0        108   _printf_char.o
        48          6          0          0          0         96   _printf_char_common.o
        36          4          0          0          0         80   _printf_char_file.o
        40          0          0          0          0         68   _printf_charcount.o
         6          0          0          0          0          0   _printf_d.o
       120         16          0          0          0         92   _printf_dec.o
         6          0          0          0          0          0   _printf_e.o
         6          0          0          0          0          0   _printf_f.o
      1050          0          0          0          0        216   _printf_fp_dec.o
       764         10         38          0          0        100   _printf_fp_hex.o
       128         16          0          0          0         84   _printf_fp_infnan.o
         6          0          0          0          0          0   _printf_g.o
       148          4         40          0          0        160   _printf_hex_int_ll_ptr.o
         6          0          0          0          0          0   _printf_i.o
       178          0          0          0          0         88   _printf_intcommon.o
        10          0          0          0          0          0   _printf_l.o
         6          0          0          0          0          0   _printf_lc.o
        10          0          0          0          0          0   _printf_ll.o
         6          0          0          0          0          0   _printf_lld.o
         6          0          0          0          0          0   _printf_lli.o
         6          0          0          0          0          0   _printf_llo.o
         6          0          0          0          0          0   _printf_llu.o
         6          0          0          0          0          0   _printf_llx.o
       124         16          0          0          0         92   _printf_longlong_dec.o
         6          0          0          0          0          0   _printf_ls.o
         6          0          0          0          0          0   _printf_n.o
         6          0          0          0          0          0   _printf_o.o
       112          8          0          0          0        124   _printf_oct_int_ll.o
         6          0          0          0          0          0   _printf_p.o
        78          0          0          0          0        108   _printf_pad.o
         0          0          0          0          0          0   _printf_percent.o
         4          0          0          0          0          0   _printf_percent_end.o
         6          0          0          0          0          0   _printf_s.o
        82          0          0          0          0         80   _printf_str.o
        36          0          0          0          0         84   _printf_truncate.o
         6          0          0          0          0          0   _printf_u.o
        44          0          0          0          0        108   _printf_wchar.o
       188          6          8          0          0         92   _printf_wctomb.o
         6          0          0          0          0          0   _printf_x.o
        10          0          0          0          0         68   _sputc.o
        64          0          0          0          0         92   _wcrtomb.o
       220          4        148          0          0         96   bigflt0.o
      1910        128          0          0          0        672   btod.o
        18          0          0          0          0         80   exit.o
         8          0          0          0          0         68   ferror.o
         6          0          0          0          0        152   heapauxi.o
        44         10        272          0          0         76   lc_ctype_c.o
        44         10         28          0          0         76   lc_numeric_c.o
         2          0          0          0          0          0   libinit.o
        34          0          0          0          0          0   libinit2.o
         2          0          0          0          0          0   libshutdown.o
         2          0          0          0          0          0   libshutdown2.o
         8          4          0          0         96         68   libspace.o
       138          0          0          0          0         80   lludiv10.o
        16          4          0          0          0         76   rt_ctype_table.o
         8          4          0          0          0         68   rt_locale_intlibspace.o
         2          0          0          0          0          0   rtexit.o
        10          0          0          0          0          0   rtexit2.o
       128          0          0          0          0         68   strcmpv7m.o
        62          0          0          0          0         76   strlen.o
        36          0          0          0          0         80   strstr.o
        74          0          0          0          0         80   sys_stackheap_outer.o
         2          0          0          0          0         68   use_no_semi.o
         2          0          0          0          0         68   use_no_semi_2.o
        36          4          0          0          0         76   vsprintf.o
        10          0          0          0          0        116   fpinit.o
         4          0          0          0          0        116   printf1.o
         4          0          0          0          0        116   printf2.o
         0          0          0          0          0          0   usenofp.o
        48          0          0          0          0        124   fpclassify.o

    ----------------------------------------------------------------------
      6938        276        556          0         96       4836   Library Totals
        16          0          5          0          0          0   (incl. Padding)

    ----------------------------------------------------------------------

      Code (inc. data)   RO Data    RW Data    ZI Data      Debug   Library Name

      6856        276        551          0         96       4364   c_w.l
        18          0          0          0          0        348   fz_wm.l
        48          0          0          0          0        124   m_wm.l

    ----------------------------------------------------------------------
      6938        276        556          0         96       4836   Library Totals

    ----------------------------------------------------------------------

==============================================================================


      Code (inc. data)   RO Data    RW Data    ZI Data      Debug   

     14130       1402       1150        100   31699260     482880   Grand Totals
     14130       1402       1150        100   31699260     482880   ELF Image Totals
     14130       1402       1150        100          0          0   ROM Totals

==============================================================================

    Total RO  Size (Code + RO Data)                15280 (  14.92kB)
    Total RW  Size (RW Data + ZI Data)          31699360 (30956.41kB)
    Total ROM Size (Code + RO Data + RW Data)      15380 (  15.02kB)

==============================================================================

